SFT_LENGTH_AUDIT_PASS max_total=1466 max_prompt=809 max_completion=835

Loading checkpoint shards:   0%|          | 0/3 [00:00<?, ?it/s]
Loading checkpoint shards:   0%|          | 0/3 [00:00<?, ?it/s]
Loading checkpoint shards:   0%|          | 0/3 [00:00<?, ?it/s]
Loading checkpoint shards:  33%|███▎      | 1/3 [00:00<00:01,  1.77it/s]
Loading checkpoint shards:  33%|███▎      | 1/3 [00:00<00:01,  1.63it/s]
Loading checkpoint shards:  33%|███▎      | 1/3 [00:00<00:01,  1.76it/s]
Loading checkpoint shards:  67%|██████▋   | 2/3 [00:01<00:00,  1.73it/s]
Loading checkpoint shards: 100%|██████████| 3/3 [00:01<00:00,  2.56it/s]

Loading checkpoint shards:  67%|██████▋   | 2/3 [00:01<00:00,  1.78it/s]
Loading checkpoint shards: 100%|██████████| 3/3 [00:01<00:00,  2.60it/s]

Loading checkpoint shards:  67%|██████▋   | 2/3 [00:01<00:00,  1.92it/s]
Loading checkpoint shards: 100%|██████████| 3/3 [00:01<00:00,  2.81it/s]
[W817 10:40:30.780488298 Utils.hpp:137] Warning: Environment variable NCCL_ASYNC_ERROR_HANDLING is deprecated; use TORCH_NCCL_ASYNC_ERROR_HANDLING instead (function operator())
[W817 10:40:30.046869052 Utils.hpp:137] Warning: Environment variable NCCL_ASYNC_ERROR_HANDLING is deprecated; use TORCH_NCCL_ASYNC_ERROR_HANDLING instead (function operator())
[W817 10:40:30.173018188 Utils.hpp:137] Warning: Environment variable NCCL_ASYNC_ERROR_HANDLING is deprecated; use TORCH_NCCL_ASYNC_ERROR_HANDLING instead (function operator())

Tokenizing train dataset:   0%|          | 0/10008 [00:00<?, ? examples/s]
Tokenizing train dataset:   0%|          | 35/10008 [00:00<00:29, 336.77 examples/s]/opt/miniconda3/lib/python3.10/site-packages/torch/distributed/distributed_c10d.py:4807: UserWarning: No device id is provided via `init_process_group` or `barrier `. Using the current device set by the user. 
  warnings.warn(  # warn only once
[rank1]:[W817 10:40:32.166034352 ProcessGroupNCCL.cpp:5023] [PG ID 0 PG GUID 0 Rank 1]  using GPU 1 as device used by this process is currently unknown. This can potentially cause a hang if this rank to GPU mapping is incorrect. You can specify device_id in init_process_group() to force use of a particular device.

Tokenizing train dataset:   1%|          | 73/10008 [00:00<00:27, 359.81 examples/s]/opt/miniconda3/lib/python3.10/site-packages/torch/distributed/distributed_c10d.py:4807: UserWarning: No device id is provided via `init_process_group` or `barrier `. Using the current device set by the user. 
  warnings.warn(  # warn only once
[rank2]:[W817 10:40:33.306161838 ProcessGroupNCCL.cpp:5023] [PG ID 0 PG GUID 0 Rank 2]  using GPU 2 as device used by this process is currently unknown. This can potentially cause a hang if this rank to GPU mapping is incorrect. You can specify device_id in init_process_group() to force use of a particular device.

Tokenizing train dataset:   1%|          | 112/10008 [00:00<00:26, 370.60 examples/s]
Tokenizing train dataset:   2%|▏         | 151/10008 [00:00<00:26, 373.52 examples/s]
Tokenizing train dataset:   2%|▏         | 190/10008 [00:00<00:26, 373.64 examples/s]
Tokenizing train dataset:   2%|▏         | 247/10008 [00:00<00:26, 371.06 examples/s]
Tokenizing train dataset:   3%|▎         | 287/10008 [00:00<00:25, 375.69 examples/s]
Tokenizing train dataset:   3%|▎         | 326/10008 [00:00<00:25, 375.69 examples/s]
Tokenizing train dataset:   4%|▍         | 381/10008 [00:01<00:26, 369.44 examples/s]
Tokenizing train dataset:   4%|▍         | 435/10008 [00:01<00:26, 364.13 examples/s]
Tokenizing train dataset:   5%|▍         | 490/10008 [00:01<00:26, 360.06 examples/s]
Tokenizing train dataset:   5%|▌         | 528/10008 [00:01<00:26, 362.44 examples/s]
Tokenizing train dataset:   6%|▌         | 566/10008 [00:01<00:25, 364.71 examples/s]
Tokenizing train dataset:   6%|▌         | 605/10008 [00:01<00:25, 368.62 examples/s]
Tokenizing train dataset:   6%|▋         | 644/10008 [00:01<00:25, 369.37 examples/s]
Tokenizing train dataset:   7%|▋         | 682/10008 [00:01<00:25, 369.37 examples/s]
Tokenizing train dataset:   7%|▋         | 720/10008 [00:01<00:25, 367.72 examples/s]
Tokenizing train dataset:   8%|▊         | 759/10008 [00:02<00:24, 370.07 examples/s]
Tokenizing train dataset:   8%|▊         | 797/10008 [00:02<00:24, 370.50 examples/s]
Tokenizing train dataset:   8%|▊         | 835/10008 [00:02<00:24, 368.07 examples/s]
Tokenizing train dataset:   9%|▉         | 888/10008 [00:02<00:25, 357.66 examples/s]
Tokenizing train dataset:   9%|▉         | 926/10008 [00:02<00:25, 361.05 examples/s]
Tokenizing train dataset:  10%|▉         | 964/10008 [00:02<00:24, 363.83 examples/s]
Tokenizing train dataset:  10%|█         | 1019/10008 [00:02<00:35, 251.94 examples/s]
Tokenizing train dataset:  11%|█         | 1058/10008 [00:03<00:32, 277.39 examples/s]
Tokenizing train dataset:  11%|█         | 1094/10008 [00:03<00:30, 294.68 examples/s]
Tokenizing train dataset:  11%|█▏        | 1132/10008 [00:03<00:28, 313.19 examples/s]
Tokenizing train dataset:  12%|█▏        | 1167/10008 [00:03<00:27, 320.48 examples/s]
Tokenizing train dataset:  12%|█▏        | 1205/10008 [00:03<00:26, 332.17 examples/s]
Tokenizing train dataset:  12%|█▏        | 1244/10008 [00:03<00:25, 343.95 examples/s]
Tokenizing train dataset:  13%|█▎        | 1281/10008 [00:03<00:25, 348.74 examples/s]
Tokenizing train dataset:  13%|█▎        | 1319/10008 [00:03<00:24, 355.43 examples/s]
Tokenizing train dataset:  14%|█▎        | 1357/10008 [00:03<00:24, 360.21 examples/s]
Tokenizing train dataset:  14%|█▍        | 1395/10008 [00:03<00:23, 363.89 examples/s]
Tokenizing train dataset:  14%|█▍        | 1433/10008 [00:04<00:23, 365.11 examples/s]
Tokenizing train dataset:  15%|█▍        | 1472/10008 [00:04<00:23, 367.14 examples/s]
Tokenizing train dataset:  15%|█▌        | 1510/10008 [00:04<00:23, 367.78 examples/s]
Tokenizing train dataset:  15%|█▌        | 1547/10008 [00:04<00:23, 365.42 examples/s]
Tokenizing train dataset:  16%|█▌        | 1586/10008 [00:04<00:22, 367.70 examples/s]
Tokenizing train dataset:  16%|█▌        | 1624/10008 [00:04<00:22, 367.24 examples/s]
Tokenizing train dataset:  17%|█▋        | 1661/10008 [00:04<00:22, 364.65 examples/s]
Tokenizing train dataset:  17%|█▋        | 1698/10008 [00:04<00:22, 362.98 examples/s]
Tokenizing train dataset:  17%|█▋        | 1737/10008 [00:04<00:22, 369.32 examples/s]
Tokenizing train dataset:  18%|█▊        | 1776/10008 [00:05<00:22, 370.57 examples/s]
Tokenizing train dataset:  18%|█▊        | 1829/10008 [00:05<00:22, 362.34 examples/s]
Tokenizing train dataset:  19%|█▉        | 1884/10008 [00:05<00:22, 359.85 examples/s]
Tokenizing train dataset:  19%|█▉        | 1922/10008 [00:05<00:22, 364.11 examples/s]
Tokenizing train dataset:  20%|█▉        | 1959/10008 [00:05<00:22, 363.69 examples/s]
Tokenizing train dataset:  20%|█▉        | 1998/10008 [00:05<00:21, 366.77 examples/s]
Tokenizing train dataset:  20%|██        | 2039/10008 [00:05<00:31, 251.39 examples/s]
Tokenizing train dataset:  21%|██        | 2077/10008 [00:06<00:28, 277.61 examples/s]
Tokenizing train dataset:  21%|██        | 2114/10008 [00:06<00:26, 297.88 examples/s]
Tokenizing train dataset:  21%|██▏       | 2151/10008 [00:06<00:25, 312.65 examples/s]
Tokenizing train dataset:  22%|██▏       | 2190/10008 [00:06<00:23, 329.48 examples/s]
Tokenizing train dataset:  22%|██▏       | 2230/10008 [00:06<00:22, 345.94 examples/s]
Tokenizing train dataset:  23%|██▎       | 2270/10008 [00:06<00:21, 357.97 examples/s]
Tokenizing train dataset:  23%|██▎       | 2308/10008 [00:06<00:21, 361.44 examples/s]
Tokenizing train dataset:  24%|██▎       | 2360/10008 [00:06<00:21, 353.14 examples/s]
Tokenizing train dataset:  24%|██▍       | 2412/10008 [00:06<00:21, 348.53 examples/s]
Tokenizing train dataset:  24%|██▍       | 2450/10008 [00:07<00:21, 353.34 examples/s]
Tokenizing train dataset:  25%|██▍       | 2488/10008 [00:07<00:21, 356.04 examples/s]
Tokenizing train dataset:  25%|██▌       | 2542/10008 [00:07<00:21, 355.06 examples/s]
Tokenizing train dataset:  26%|██▌       | 2579/10008 [00:07<00:20, 356.91 examples/s]
Tokenizing train dataset:  26%|██▌       | 2619/10008 [00:07<00:20, 366.26 examples/s]
Tokenizing train dataset:  27%|██▋       | 2657/10008 [00:07<00:20, 367.44 examples/s]
Tokenizing train dataset:  27%|██▋       | 2694/10008 [00:07<00:19, 366.93 examples/s]
Tokenizing train dataset:  27%|██▋       | 2732/10008 [00:07<00:19, 368.70 examples/s]
Tokenizing train dataset:  28%|██▊       | 2772/10008 [00:07<00:19, 373.82 examples/s]
Tokenizing train dataset:  28%|██▊       | 2810/10008 [00:08<00:19, 372.17 examples/s]
Tokenizing train dataset:  29%|██▊       | 2866/10008 [00:08<00:19, 369.18 examples/s]
Tokenizing train dataset:  29%|██▉       | 2922/10008 [00:08<00:19, 367.53 examples/s]
Tokenizing train dataset:  30%|██▉       | 2960/10008 [00:08<00:19, 367.18 examples/s]
Tokenizing train dataset:  30%|██▉       | 2998/10008 [00:08<00:19, 366.64 examples/s]
Tokenizing train dataset:  30%|███       | 3039/10008 [00:08<00:27, 249.78 examples/s]
Tokenizing train dataset:  31%|███       | 3078/10008 [00:08<00:25, 276.82 examples/s]
Tokenizing train dataset:  31%|███       | 3117/10008 [00:09<00:22, 300.08 examples/s]
Tokenizing train dataset:  32%|███▏      | 3155/10008 [00:09<00:21, 317.09 examples/s]
Tokenizing train dataset:  32%|███▏      | 3194/10008 [00:09<00:20, 332.60 examples/s]
Tokenizing train dataset:  32%|███▏      | 3231/10008 [00:09<00:19, 341.63 examples/s]
Tokenizing train dataset:  33%|███▎      | 3271/10008 [00:09<00:19, 354.10 examples/s]
Tokenizing train dataset:  33%|███▎      | 3310/10008 [00:09<00:18, 359.21 examples/s]
Tokenizing train dataset:  33%|███▎      | 3350/10008 [00:09<00:18, 366.51 examples/s]
Tokenizing train dataset:  34%|███▍      | 3388/10008 [00:09<00:17, 368.01 examples/s]
Tokenizing train dataset:  34%|███▍      | 3427/10008 [00:09<00:17, 371.00 examples/s]
Tokenizing train dataset:  35%|███▍      | 3465/10008 [00:09<00:17, 371.16 examples/s]
Tokenizing train dataset:  35%|███▌      | 3505/10008 [00:10<00:17, 374.46 examples/s]
Tokenizing train dataset:  35%|███▌      | 3543/10008 [00:10<00:17, 374.31 examples/s]
Tokenizing train dataset:  36%|███▌      | 3581/10008 [00:10<00:17, 373.52 examples/s]
Tokenizing train dataset:  36%|███▌      | 3619/10008 [00:10<00:17, 374.41 examples/s]
Tokenizing train dataset:  37%|███▋      | 3658/10008 [00:10<00:16, 375.43 examples/s]
Tokenizing train dataset:  37%|███▋      | 3715/10008 [00:10<00:16, 372.71 examples/s]
Tokenizing train dataset:  38%|███▊      | 3753/10008 [00:10<00:16, 370.66 examples/s]
Tokenizing train dataset:  38%|███▊      | 3809/10008 [00:10<00:16, 367.86 examples/s]
Tokenizing train dataset:  38%|███▊      | 3846/10008 [00:10<00:16, 365.07 examples/s]
Tokenizing train dataset:  39%|███▉      | 3883/10008 [00:11<00:16, 363.01 examples/s]
Tokenizing train dataset:  39%|███▉      | 3921/10008 [00:11<00:16, 365.45 examples/s]
Tokenizing train dataset:  40%|███▉      | 3958/10008 [00:11<00:16, 363.77 examples/s]
Tokenizing train dataset:  40%|███▉      | 3996/10008 [00:11<00:16, 365.38 examples/s]
Tokenizing train dataset:  40%|████      | 4038/10008 [00:11<00:24, 245.03 examples/s]
Tokenizing train dataset:  41%|████      | 4075/10008 [00:11<00:22, 268.88 examples/s]
Tokenizing train dataset:  41%|████      | 4113/10008 [00:11<00:20, 291.87 examples/s]
Tokenizing train dataset:  41%|████▏     | 4151/10008 [00:12<00:18, 310.62 examples/s]
Tokenizing train dataset:  42%|████▏     | 4190/10008 [00:12<00:17, 329.02 examples/s]
Tokenizing train dataset:  42%|████▏     | 4228/10008 [00:12<00:17, 339.73 examples/s]
Tokenizing train dataset:  43%|████▎     | 4264/10008 [00:12<00:16, 342.56 examples/s]
Tokenizing train dataset:  43%|████▎     | 4302/10008 [00:12<00:16, 350.22 examples/s]
Tokenizing train dataset:  43%|████▎     | 4340/10008 [00:12<00:15, 356.95 examples/s]
Tokenizing train dataset:  44%|████▍     | 4379/10008 [00:12<00:15, 363.67 examples/s]
Tokenizing train dataset:  44%|████▍     | 4433/10008 [00:12<00:15, 359.49 examples/s]
Tokenizing train dataset:  45%|████▍     | 4487/10008 [00:12<00:15, 355.01 examples/s]
Tokenizing train dataset:  45%|████▌     | 4524/10008 [00:13<00:15, 357.68 examples/s]
Tokenizing train dataset:  46%|████▌     | 4562/10008 [00:13<00:15, 360.31 examples/s]
Tokenizing train dataset:  46%|████▌     | 4601/10008 [00:13<00:14, 365.27 examples/s]
Tokenizing train dataset:  46%|████▋     | 4639/10008 [00:13<00:14, 366.50 examples/s]
Tokenizing train dataset:  47%|████▋     | 4678/10008 [00:13<00:14, 369.74 examples/s]
Tokenizing train dataset:  47%|████▋     | 4734/10008 [00:13<00:14, 367.59 examples/s]
Tokenizing train dataset:  48%|████▊     | 4771/10008 [00:13<00:14, 365.63 examples/s]
Tokenizing train dataset:  48%|████▊     | 4808/10008 [00:13<00:14, 363.39 examples/s]
Tokenizing train dataset:  49%|████▊     | 4863/10008 [00:13<00:14, 360.73 examples/s]
Tokenizing train dataset:  49%|████▉     | 4903/10008 [00:14<00:13, 366.18 examples/s]
Tokenizing train dataset:  49%|████▉     | 4941/10008 [00:14<00:13, 365.89 examples/s]
Tokenizing train dataset:  50%|████▉     | 4978/10008 [00:14<00:13, 365.34 examples/s]
Tokenizing train dataset:  50%|█████     | 5019/10008 [00:14<00:20, 246.64 examples/s]
Tokenizing train dataset:  51%|█████     | 5058/10008 [00:14<00:18, 274.15 examples/s]
Tokenizing train dataset:  51%|█████     | 5097/10008 [00:14<00:16, 297.24 examples/s]
Tokenizing train dataset:  51%|█████▏    | 5135/10008 [00:14<00:15, 315.90 examples/s]
Tokenizing train dataset:  52%|█████▏    | 5172/10008 [00:14<00:14, 327.49 examples/s]
Tokenizing train dataset:  52%|█████▏    | 5212/10008 [00:15<00:13, 344.51 examples/s]
Tokenizing train dataset:  52%|█████▏    | 5250/10008 [00:15<00:13, 352.19 examples/s]
Tokenizing train dataset:  53%|█████▎    | 5288/10008 [00:15<00:13, 356.75 examples/s]
Tokenizing train dataset:  53%|█████▎    | 5326/10008 [00:15<00:13, 358.54 examples/s]
Tokenizing train dataset:  54%|█████▎    | 5363/10008 [00:15<00:12, 360.80 examples/s]
Tokenizing train dataset:  54%|█████▍    | 5403/10008 [00:15<00:12, 367.02 examples/s]
Tokenizing train dataset:  55%|█████▍    | 5459/10008 [00:15<00:12, 366.97 examples/s]
Tokenizing train dataset:  55%|█████▍    | 5498/10008 [00:15<00:12, 371.15 examples/s]
Tokenizing train dataset:  55%|█████▌    | 5538/10008 [00:15<00:11, 373.54 examples/s]
Tokenizing train dataset:  56%|█████▌    | 5578/10008 [00:16<00:11, 375.79 examples/s]
Tokenizing train dataset:  56%|█████▌    | 5617/10008 [00:16<00:11, 375.92 examples/s]
Tokenizing train dataset:  57%|█████▋    | 5655/10008 [00:16<00:11, 376.37 examples/s]
Tokenizing train dataset:  57%|█████▋    | 5693/10008 [00:16<00:11, 373.79 examples/s]
Tokenizing train dataset:  57%|█████▋    | 5731/10008 [00:16<00:11, 373.29 examples/s]
Tokenizing train dataset:  58%|█████▊    | 5771/10008 [00:16<00:11, 377.33 examples/s]
Tokenizing train dataset:  58%|█████▊    | 5810/10008 [00:16<00:11, 377.91 examples/s]
Tokenizing train dataset:  59%|█████▊    | 5864/10008 [00:16<00:11, 368.24 examples/s]
Tokenizing train dataset:  59%|█████▉    | 5903/10008 [00:16<00:11, 369.76 examples/s]
Tokenizing train dataset:  59%|█████▉    | 5944/10008 [00:17<00:10, 376.93 examples/s]
Tokenizing train dataset:  60%|█████▉    | 5982/10008 [00:17<00:10, 373.81 examples/s]
Tokenizing train dataset:  60%|██████    | 6039/10008 [00:17<00:15, 256.97 examples/s]
Tokenizing train dataset:  61%|██████    | 6079/10008 [00:17<00:13, 282.80 examples/s]
Tokenizing train dataset:  61%|██████    | 6119/10008 [00:17<00:12, 305.54 examples/s]
Tokenizing train dataset:  62%|██████▏   | 6157/10008 [00:17<00:11, 321.64 examples/s]
Tokenizing train dataset:  62%|██████▏   | 6196/10008 [00:17<00:11, 334.52 examples/s]
Tokenizing train dataset:  62%|██████▏   | 6234/10008 [00:17<00:11, 342.84 examples/s]
Tokenizing train dataset:  63%|██████▎   | 6273/10008 [00:18<00:10, 353.99 examples/s]
Tokenizing train dataset:  63%|██████▎   | 6313/10008 [00:18<00:10, 365.34 examples/s]
Tokenizing train dataset:  63%|██████▎   | 6353/10008 [00:18<00:09, 372.26 examples/s]
Tokenizing train dataset:  64%|██████▍   | 6409/10008 [00:18<00:09, 367.63 examples/s]
Tokenizing train dataset:  65%|██████▍   | 6465/10008 [00:18<00:09, 365.69 examples/s]
Tokenizing train dataset:  65%|██████▍   | 6503/10008 [00:18<00:09, 365.62 examples/s]
Tokenizing train dataset:  66%|██████▌   | 6557/10008 [00:18<00:09, 360.91 examples/s]
Tokenizing train dataset:  66%|██████▌   | 6595/10008 [00:18<00:09, 363.39 examples/s]
Tokenizing train dataset:  66%|██████▋   | 6634/10008 [00:19<00:09, 366.87 examples/s]
Tokenizing train dataset:  67%|██████▋   | 6671/10008 [00:19<00:09, 363.42 examples/s]
Tokenizing train dataset:  67%|██████▋   | 6726/10008 [00:19<00:09, 360.88 examples/s]
Tokenizing train dataset:  68%|██████▊   | 6763/10008 [00:19<00:08, 362.76 examples/s]
Tokenizing train dataset:  68%|██████▊   | 6800/10008 [00:19<00:08, 363.81 examples/s]
Tokenizing train dataset:  68%|██████▊   | 6839/10008 [00:19<00:08, 367.17 examples/s]
Tokenizing train dataset:  69%|██████▊   | 6878/10008 [00:19<00:08, 371.71 examples/s]
Tokenizing train dataset:  69%|██████▉   | 6934/10008 [00:19<00:08, 369.90 examples/s]
Tokenizing train dataset:  70%|██████▉   | 6972/10008 [00:19<00:08, 369.73 examples/s]
Tokenizing train dataset:  70%|███████   | 7020/10008 [00:20<00:11, 251.86 examples/s]
Tokenizing train dataset:  71%|███████   | 7059/10008 [00:20<00:10, 278.42 examples/s]
Tokenizing train dataset:  71%|███████   | 7098/10008 [00:20<00:09, 301.69 examples/s]
Tokenizing train dataset:  71%|███████▏  | 7137/10008 [00:20<00:08, 321.08 examples/s]
Tokenizing train dataset:  72%|███████▏  | 7177/10008 [00:20<00:08, 339.70 examples/s]
Tokenizing train dataset:  72%|███████▏  | 7215/10008 [00:20<00:08, 348.39 examples/s]
Tokenizing train dataset:  72%|███████▏  | 7253/10008 [00:20<00:07, 355.94 examples/s]
Tokenizing train dataset:  73%|███████▎  | 7291/10008 [00:21<00:07, 360.53 examples/s]
Tokenizing train dataset:  73%|███████▎  | 7348/10008 [00:21<00:07, 363.77 examples/s]
Tokenizing train dataset:  74%|███████▍  | 7404/10008 [00:21<00:07, 362.34 examples/s]
Tokenizing train dataset:  74%|███████▍  | 7441/10008 [00:21<00:07, 360.99 examples/s]
Tokenizing train dataset:  75%|███████▍  | 7481/10008 [00:21<00:06, 367.01 examples/s]
Tokenizing train dataset:  75%|███████▌  | 7519/10008 [00:21<00:06, 370.22 examples/s]
Tokenizing train dataset:  76%|███████▌  | 7557/10008 [00:21<00:06, 370.08 examples/s]
Tokenizing train dataset:  76%|███████▌  | 7597/10008 [00:21<00:06, 374.70 examples/s]
Tokenizing train dataset:  76%|███████▋  | 7653/10008 [00:22<00:06, 367.82 examples/s]
Tokenizing train dataset:  77%|███████▋  | 7691/10008 [00:22<00:06, 370.45 examples/s]
Tokenizing train dataset:  77%|███████▋  | 7730/10008 [00:22<00:06, 372.49 examples/s]
Tokenizing train dataset:  78%|███████▊  | 7770/10008 [00:22<00:05, 377.32 examples/s]
Tokenizing train dataset:  78%|███████▊  | 7808/10008 [00:22<00:05, 376.96 examples/s]
Tokenizing train dataset:  78%|███████▊  | 7847/10008 [00:22<00:05, 378.35 examples/s]
Tokenizing train dataset:  79%|███████▉  | 7886/10008 [00:22<00:05, 378.03 examples/s]
Tokenizing train dataset:  79%|███████▉  | 7925/10008 [00:22<00:05, 378.00 examples/s]
Tokenizing train dataset:  80%|███████▉  | 7963/10008 [00:22<00:05, 375.97 examples/s]
Tokenizing train dataset:  80%|████████  | 8019/10008 [00:23<00:07, 258.66 examples/s]
Tokenizing train dataset:  81%|████████  | 8058/10008 [00:23<00:06, 283.89 examples/s]
Tokenizing train dataset:  81%|████████  | 8098/10008 [00:23<00:06, 307.12 examples/s]
Tokenizing train dataset:  81%|████████▏ | 8136/10008 [00:23<00:05, 322.17 examples/s]
Tokenizing train dataset:  82%|████████▏ | 8174/10008 [00:23<00:05, 334.91 examples/s]
Tokenizing train dataset:  82%|████████▏ | 8213/10008 [00:23<00:05, 346.46 examples/s]
Tokenizing train dataset:  82%|████████▏ | 8252/10008 [00:23<00:04, 357.25 examples/s]
Tokenizing train dataset:  83%|████████▎ | 8290/10008 [00:23<00:04, 360.41 examples/s]
Tokenizing train dataset:  83%|████████▎ | 8329/10008 [00:23<00:04, 365.24 examples/s]
Tokenizing train dataset:  84%|████████▍ | 8386/10008 [00:24<00:04, 368.77 examples/s]
Tokenizing train dataset:  84%|████████▍ | 8442/10008 [00:24<00:04, 367.92 examples/s]
Tokenizing train dataset:  85%|████████▍ | 8480/10008 [00:24<00:04, 369.25 examples/s]
Tokenizing train dataset:  85%|████████▌ | 8535/10008 [00:24<00:04, 365.98 examples/s]
Tokenizing train dataset:  86%|████████▌ | 8574/10008 [00:24<00:03, 370.32 examples/s]
Tokenizing train dataset:  86%|████████▌ | 8613/10008 [00:24<00:03, 371.63 examples/s]
Tokenizing train dataset:  86%|████████▋ | 8651/10008 [00:24<00:03, 371.64 examples/s]
Tokenizing train dataset:  87%|████████▋ | 8690/10008 [00:24<00:03, 373.35 examples/s]
Tokenizing train dataset:  87%|████████▋ | 8728/10008 [00:25<00:03, 374.08 examples/s]
Tokenizing train dataset:  88%|████████▊ | 8783/10008 [00:25<00:03, 368.22 examples/s]
Tokenizing train dataset:  88%|████████▊ | 8821/10008 [00:25<00:03, 369.15 examples/s]
Tokenizing train dataset:  89%|████████▊ | 8877/10008 [00:25<00:03, 367.26 examples/s]
Tokenizing train dataset:  89%|████████▉ | 8915/10008 [00:25<00:02, 367.91 examples/s]
Tokenizing train dataset:  89%|████████▉ | 8953/10008 [00:25<00:02, 368.21 examples/s]
Tokenizing train dataset:  90%|████████▉ | 8991/10008 [00:25<00:02, 368.82 examples/s]
Tokenizing train dataset:  90%|█████████ | 9036/10008 [00:26<00:03, 247.28 examples/s]
Tokenizing train dataset:  91%|█████████ | 9074/10008 [00:26<00:03, 272.72 examples/s]
Tokenizing train dataset:  91%|█████████ | 9111/10008 [00:26<00:03, 292.01 examples/s]
Tokenizing train dataset:  91%|█████████▏| 9146/10008 [00:26<00:02, 304.65 examples/s]
Tokenizing train dataset:  92%|█████████▏| 9185/10008 [00:26<00:02, 323.52 examples/s]
Tokenizing train dataset:  92%|█████████▏| 9223/10008 [00:26<00:02, 336.07 examples/s]
Tokenizing train dataset:  93%|█████████▎| 9261/10008 [00:26<00:02, 346.00 examples/s]
Tokenizing train dataset:  93%|█████████▎| 9298/10008 [00:26<00:02, 348.85 examples/s]
Tokenizing train dataset:  93%|█████████▎| 9335/10008 [00:26<00:01, 351.44 examples/s]
Tokenizing train dataset:  94%|█████████▎| 9372/10008 [00:26<00:01, 352.16 examples/s]
Tokenizing train dataset:  94%|█████████▍| 9408/10008 [00:27<00:01, 352.19 examples/s]
Tokenizing train dataset:  95%|█████████▍| 9462/10008 [00:27<00:01, 353.67 examples/s]
Tokenizing train dataset:  95%|█████████▍| 9501/10008 [00:27<00:01, 359.98 examples/s]
Tokenizing train dataset:  95%|█████████▌| 9538/10008 [00:27<00:01, 357.99 examples/s]
Tokenizing train dataset:  96%|█████████▌| 9576/10008 [00:27<00:01, 361.43 examples/s]
Tokenizing train dataset:  96%|█████████▌| 9615/10008 [00:27<00:01, 366.27 examples/s]
Tokenizing train dataset:  96%|█████████▋| 9653/10008 [00:27<00:00, 369.14 examples/s]
Tokenizing train dataset:  97%|█████████▋| 9709/10008 [00:27<00:00, 367.31 examples/s]
Tokenizing train dataset:  97%|█████████▋| 9746/10008 [00:28<00:00, 365.60 examples/s]
Tokenizing train dataset:  98%|█████████▊| 9783/10008 [00:28<00:00, 364.57 examples/s]
Tokenizing train dataset:  98%|█████████▊| 9835/10008 [00:28<00:00, 353.67 examples/s]
Tokenizing train dataset:  99%|█████████▊| 9873/10008 [00:28<00:00, 356.79 examples/s]
Tokenizing train dataset:  99%|█████████▉| 9910/10008 [00:28<00:00, 357.59 examples/s]
Tokenizing train dataset:  99%|█████████▉| 9946/10008 [00:28<00:00, 354.05 examples/s]
Tokenizing train dataset: 100%|█████████▉| 9983/10008 [00:28<00:00, 354.41 examples/s]
Tokenizing train dataset: 100%|██████████| 10008/10008 [00:28<00:00, 345.63 examples/s]

Truncating train dataset:   0%|          | 0/10008 [00:00<?, ? examples/s]
Truncating train dataset: 100%|██████████| 10008/10008 [00:00<00:00, 172285.18 examples/s]
/opt/miniconda3/lib/python3.10/site-packages/torch/distributed/distributed_c10d.py:4807: UserWarning: No device id is provided via `init_process_group` or `barrier `. Using the current device set by the user. 
  warnings.warn(  # warn only once
[rank0]:[W817 10:41:01.073077477 ProcessGroupNCCL.cpp:5023] [PG ID 0 PG GUID 0 Rank 0]  using GPU 0 as device used by this process is currently unknown. This can potentially cause a hang if this rank to GPU mapping is incorrect. You can specify device_id in init_process_group() to force use of a particular device.
COMPLETION_ONLY_LOSS_PREFLIGHT_PASS masked=475 trained=439
==============================================================================
FRESH BINARY SFT-10K
  world size            : 3
  physical exposures    : 10,008
  unique source cases   : 10,000 (5,000 ALLOWED + 5,000 DISMISSED)
  per-device batch      : 1
  gradient accumulation : 8
  effective batch       : 24
  expected steps        : 417
  max length            : 1664
  learning rate         : 0.0001
  precision             : torch.bfloat16
  LoRA r / alpha        : 16 / 32
  trainable params      : 33,030,144/4,055,498,240 (0.81%)
==============================================================================
The tokenizer has new PAD/BOS/EOS tokens that differ from the model config and generation config. The model config and generation config were aligned accordingly, being updated with the tokenizer's values. Updated tokens: {'bos_token_id': None, 'pad_token_id': 151643}.
The tokenizer has new PAD/BOS/EOS tokens that differ from the model config and generation config. The model config and generation config were aligned accordingly, being updated with the tokenizer's values. Updated tokens: {'bos_token_id': None, 'pad_token_id': 151643}.
The tokenizer has new PAD/BOS/EOS tokens that differ from the model config and generation config. The model config and generation config were aligned accordingly, being updated with the tokenizer's values. Updated tokens: {'bos_token_id': None, 'pad_token_id': 151643}.
[rank0]:[W817 10:41:02.994298553 Utils.hpp:112] Warning: Environment variable NCCL_ASYNC_ERROR_HANDLING is deprecated; use TORCH_NCCL_ASYNC_ERROR_HANDLING instead (function operator())
[rank2]:[W817 10:41:02.995150331 Utils.hpp:112] Warning: Environment variable NCCL_ASYNC_ERROR_HANDLING is deprecated; use TORCH_NCCL_ASYNC_ERROR_HANDLING instead (function operator())
[rank1]:[W817 10:41:02.998871019 Utils.hpp:112] Warning: Environment variable NCCL_ASYNC_ERROR_HANDLING is deprecated; use TORCH_NCCL_ASYNC_ERROR_HANDLING instead (function operator())

  0%|          | 0/417 [00:00<?, ?it/s]
  0%|          | 1/417 [00:06<48:03,  6.93s/it]
                                               
{'loss': 2.1156, 'grad_norm': 3.7800204753875732, 'learning_rate': 0.0, 'entropy': 0.6707293540239334, 'num_tokens': 25526.0, 'mean_token_accuracy': 0.7154871895909309, 'epoch': 0.0}

  0%|          | 1/417 [00:06<48:03,  6.93s/it]
  0%|          | 2/417 [00:13<47:42,  6.90s/it]
  1%|          | 3/417 [00:20<46:20,  6.72s/it]
  1%|          | 4/417 [00:27<46:13,  6.72s/it]
  1%|          | 5/417 [00:33<44:41,  6.51s/it]
                                               
{'loss': 2.0823, 'grad_norm': 3.758026361465454, 'learning_rate': 3.0769230769230774e-05, 'entropy': 0.6791746914386749, 'num_tokens': 124234.0, 'mean_token_accuracy': 0.7165548745542765, 'epoch': 0.01}

  1%|          | 5/417 [00:33<44:41,  6.51s/it]
  1%|▏         | 6/417 [00:39<44:56,  6.56s/it]
  2%|▏         | 7/417 [00:46<44:56,  6.58s/it]
  2%|▏         | 8/417 [00:53<45:13,  6.64s/it]
  2%|▏         | 9/417 [00:59<44:56,  6.61s/it]
  2%|▏         | 10/417 [01:06<45:44,  6.74s/it]
                                                
{'loss': 1.6072, 'grad_norm': 0.9798155426979065, 'learning_rate': 6.923076923076924e-05, 'entropy': 0.7988838732242585, 'num_tokens': 248269.0, 'mean_token_accuracy': 0.728385129570961, 'epoch': 0.02}

  2%|▏         | 10/417 [01:06<45:44,  6.74s/it]
  3%|▎         | 11/417 [01:13<45:39,  6.75s/it]
  3%|▎         | 12/417 [01:20<46:58,  6.96s/it]
  3%|▎         | 13/417 [01:27<46:15,  6.87s/it]
  3%|▎         | 14/417 [01:34<47:02,  7.00s/it]
  4%|▎         | 15/417 [01:41<46:46,  6.98s/it]
                                                
{'loss': 1.194, 'grad_norm': 0.3199424743652344, 'learning_rate': 9.999848826789853e-05, 'entropy': 1.1557959079742433, 'num_tokens': 370785.0, 'mean_token_accuracy': 0.7442490473389626, 'epoch': 0.04}

  4%|▎         | 15/417 [01:41<46:46,  6.98s/it]
  4%|▍         | 16/417 [01:49<47:00,  7.03s/it]
  4%|▍         | 17/417 [01:56<46:50,  7.03s/it]
  4%|▍         | 18/417 [02:03<46:39,  7.02s/it]
  5%|▍         | 19/417 [02:10<46:30,  7.01s/it]
  5%|▍         | 20/417 [02:17<46:41,  7.06s/it]
                                                
{'loss': 1.1326, 'grad_norm': 0.3304767608642578, 'learning_rate': 9.994558724213054e-05, 'entropy': 1.5841645658016206, 'num_tokens': 495330.0, 'mean_token_accuracy': 0.7447490468621254, 'epoch': 0.05}

  5%|▍         | 20/417 [02:17<46:41,  7.06s/it]
  5%|▌         | 21/417 [02:23<45:51,  6.95s/it]
  5%|▌         | 22/417 [02:31<46:26,  7.06s/it]
  6%|▌         | 23/417 [02:38<46:00,  7.01s/it]
  6%|▌         | 24/417 [02:45<46:10,  7.05s/it]
  6%|▌         | 25/417 [02:52<45:35,  6.98s/it]
                                                
{'loss': 1.0979, 'grad_norm': 0.24675171077251434, 'learning_rate': 9.981719099980299e-05, 'entropy': 1.6732947647571563, 'num_tokens': 619313.0, 'mean_token_accuracy': 0.7479981824755668, 'epoch': 0.06}

  6%|▌         | 25/417 [02:52<45:35,  6.98s/it]
  6%|▌         | 26/417 [02:59<45:42,  7.01s/it]
  6%|▋         | 27/417 [03:05<44:59,  6.92s/it]
  7%|▋         | 28/417 [03:12<45:14,  6.98s/it]
  7%|▋         | 29/417 [03:19<44:50,  6.93s/it]
  7%|▋         | 30/417 [03:26<45:09,  7.00s/it]
                                                
{'loss': 1.0115, 'grad_norm': 0.24796566367149353, 'learning_rate': 9.961349361816384e-05, 'entropy': 1.4334691494703293, 'num_tokens': 743886.0, 'mean_token_accuracy': 0.7626652896404267, 'epoch': 0.07}

  7%|▋         | 30/417 [03:26<45:09,  7.00s/it]
  7%|▋         | 31/417 [03:33<44:47,  6.96s/it]
  8%|▊         | 32/417 [03:40<44:45,  6.97s/it]
  8%|▊         | 33/417 [03:47<44:18,  6.92s/it]
  8%|▊         | 34/417 [03:54<44:58,  7.05s/it]
  8%|▊         | 35/417 [04:01<44:11,  6.94s/it]
                                                
{'loss': 0.9931, 'grad_norm': 0.22939947247505188, 'learning_rate': 9.933480299584413e-05, 'entropy': 1.322305515408516, 'num_tokens': 868044.0, 'mean_token_accuracy': 0.7664043545722962, 'epoch': 0.08}

  8%|▊         | 35/417 [04:01<44:11,  6.94s/it]
  9%|▊         | 36/417 [04:08<44:14,  6.97s/it]
  9%|▉         | 37/417 [04:15<44:36,  7.04s/it]
  9%|▉         | 38/417 [04:22<43:43,  6.92s/it]
  9%|▉         | 39/417 [04:29<43:17,  6.87s/it]
 10%|▉         | 40/417 [04:36<43:39,  6.95s/it]
                                                
{'loss': 0.9773, 'grad_norm': 0.2599515914916992, 'learning_rate': 9.898154038745408e-05, 'entropy': 1.334829780459404, 'num_tokens': 992656.0, 'mean_token_accuracy': 0.7658009320497513, 'epoch': 0.1}

 10%|▉         | 40/417 [04:36<43:39,  6.95s/it]
 10%|▉         | 41/417 [04:43<43:22,  6.92s/it]
 10%|█         | 42/417 [04:50<43:12,  6.91s/it]
 10%|█         | 43/417 [04:57<43:14,  6.94s/it]
 11%|█         | 44/417 [05:04<43:30,  7.00s/it]
 11%|█         | 45/417 [05:11<43:39,  7.04s/it]
                                                
{'loss': 0.972, 'grad_norm': 0.27025720477104187, 'learning_rate': 9.855423976683595e-05, 'entropy': 1.411760652065277, 'num_tokens': 1118633.0, 'mean_token_accuracy': 0.7660721629858017, 'epoch': 0.11}

 11%|█         | 45/417 [05:11<43:39,  7.04s/it]
 11%|█         | 46/417 [05:18<43:25,  7.02s/it]
 11%|█▏        | 47/417 [05:25<42:34,  6.90s/it]
 12%|█▏        | 48/417 [05:32<43:02,  7.00s/it]
 12%|█▏        | 49/417 [05:39<42:33,  6.94s/it]
 12%|█▏        | 50/417 [05:46<42:59,  7.03s/it]
                                                
{'loss': 0.9822, 'grad_norm': 0.3207957446575165, 'learning_rate': 9.805354701993623e-05, 'entropy': 1.392520159482956, 'num_tokens': 1242817.0, 'mean_token_accuracy': 0.7644590735435486, 'epoch': 0.12}

 12%|█▏        | 50/417 [05:46<42:59,  7.03s/it]
 12%|█▏        | 51/417 [05:53<42:56,  7.04s/it]
 12%|█▏        | 52/417 [06:00<42:52,  7.05s/it]
 13%|█▎        | 53/417 [06:07<42:45,  7.05s/it]
 13%|█▎        | 54/417 [06:14<42:23,  7.01s/it]
 13%|█▎        | 55/417 [06:21<42:06,  6.98s/it]
                                                
{'loss': 0.9688, 'grad_norm': 0.2638441026210785, 'learning_rate': 9.748021896851725e-05, 'entropy': 1.3715230345726013, 'num_tokens': 1368979.0, 'mean_token_accuracy': 0.7670480206608772, 'epoch': 0.13}

 13%|█▎        | 55/417 [06:21<42:06,  6.98s/it]
 13%|█▎        | 56/417 [06:28<41:29,  6.90s/it]
 14%|█▎        | 57/417 [06:34<41:28,  6.91s/it]
 14%|█▍        | 58/417 [06:42<41:31,  6.94s/it]
 14%|█▍        | 59/417 [06:48<41:22,  6.93s/it]
 14%|█▍        | 60/417 [06:55<41:08,  6.92s/it]
                                                
{'loss': 0.9422, 'grad_norm': 0.2252885401248932, 'learning_rate': 9.683512222618377e-05, 'entropy': 1.3417095720767975, 'num_tokens': 1491862.0, 'mean_token_accuracy': 0.7699558109045028, 'epoch': 0.14}

 14%|█▍        | 60/417 [06:55<41:08,  6.92s/it]
 15%|█▍        | 61/417 [07:02<40:44,  6.87s/it]
 15%|█▍        | 62/417 [07:09<40:46,  6.89s/it]
 15%|█▌        | 63/417 [07:16<41:02,  6.96s/it]
 15%|█▌        | 64/417 [07:23<41:00,  6.97s/it]
 16%|█▌        | 65/417 [07:30<41:00,  6.99s/it]
                                                
{'loss': 0.9499, 'grad_norm': 0.23713946342468262, 'learning_rate': 9.611923188845377e-05, 'entropy': 1.3452182829380035, 'num_tokens': 1617268.0, 'mean_token_accuracy': 0.7710244417190552, 'epoch': 0.16}

 16%|█▌        | 65/417 [07:30<41:00,  6.99s/it]
 16%|█▌        | 66/417 [07:37<40:04,  6.85s/it]
 16%|█▌        | 67/417 [07:44<40:15,  6.90s/it]
 16%|█▋        | 68/417 [07:51<40:32,  6.97s/it]
 17%|█▋        | 69/417 [07:58<40:47,  7.03s/it]
 17%|█▋        | 70/417 [08:05<40:52,  7.07s/it]
                                                
{'loss': 0.9365, 'grad_norm': 0.21316979825496674, 'learning_rate': 9.533363005885363e-05, 'entropy': 1.3377617418766021, 'num_tokens': 1742733.0, 'mean_token_accuracy': 0.7733687043190003, 'epoch': 0.17}

 17%|█▋        | 70/417 [08:05<40:52,  7.07s/it]
 17%|█▋        | 71/417 [08:12<40:58,  7.10s/it]
 17%|█▋        | 72/417 [08:19<40:43,  7.08s/it]
 18%|█▊        | 73/417 [08:26<40:04,  6.99s/it]
 18%|█▊        | 74/417 [08:33<39:25,  6.90s/it]
 18%|█▊        | 75/417 [08:40<39:32,  6.94s/it]
                                                
{'loss': 0.9299, 'grad_norm': 0.23670177161693573, 'learning_rate': 9.44795042132652e-05, 'entropy': 1.3368027418851853, 'num_tokens': 1867249.0, 'mean_token_accuracy': 0.77187981903553, 'epoch': 0.18}

 18%|█▊        | 75/417 [08:40<39:32,  6.94s/it]
 18%|█▊        | 76/417 [08:46<38:38,  6.80s/it]
 18%|█▊        | 77/417 [08:53<38:53,  6.86s/it]
 19%|█▊        | 78/417 [09:00<38:22,  6.79s/it]
 19%|█▉        | 79/417 [09:07<39:03,  6.93s/it]
 19%|█▉        | 80/417 [09:15<39:32,  7.04s/it]
                                                
{'loss': 0.9163, 'grad_norm': 0.23629309237003326, 'learning_rate': 9.355814540499752e-05, 'entropy': 1.3509449750185012, 'num_tokens': 1991773.0, 'mean_token_accuracy': 0.7783207193017005, 'epoch': 0.19}

 19%|█▉        | 80/417 [09:15<39:32,  7.04s/it]
 19%|█▉        | 81/417 [09:22<39:22,  7.03s/it]
 20%|█▉        | 82/417 [09:28<38:46,  6.95s/it]
 20%|█▉        | 83/417 [09:35<38:48,  6.97s/it]
 20%|██        | 84/417 [09:42<38:42,  6.97s/it]
 20%|██        | 85/417 [09:49<38:53,  7.03s/it]
                                                
{'loss': 0.9061, 'grad_norm': 0.26015621423721313, 'learning_rate': 9.257094631329617e-05, 'entropy': 1.31657717525959, 'num_tokens': 2117240.0, 'mean_token_accuracy': 0.776035588979721, 'epoch': 0.2}

 20%|██        | 85/417 [09:49<38:53,  7.03s/it]
 21%|██        | 86/417 [09:56<38:10,  6.92s/it]
 21%|██        | 87/417 [10:03<37:47,  6.87s/it]
 21%|██        | 88/417 [10:10<38:00,  6.93s/it]
 21%|██▏       | 89/417 [10:17<37:42,  6.90s/it]
 22%|██▏       | 90/417 [10:24<37:26,  6.87s/it]
                                                
{'loss': 0.8897, 'grad_norm': 0.29014113545417786, 'learning_rate': 9.151939913823988e-05, 'entropy': 1.3007903188467025, 'num_tokens': 2239851.0, 'mean_token_accuracy': 0.7793861761689186, 'epoch': 0.22}

 22%|██▏       | 90/417 [10:24<37:26,  6.87s/it]
 22%|██▏       | 91/417 [10:31<37:47,  6.95s/it]
 22%|██▏       | 92/417 [10:37<37:15,  6.88s/it]
 22%|██▏       | 93/417 [10:44<37:07,  6.88s/it]
 23%|██▎       | 94/417 [10:51<36:55,  6.86s/it]
 23%|██▎       | 95/417 [10:58<36:41,  6.84s/it]
                                                
{'loss': 0.9156, 'grad_norm': 0.33856716752052307, 'learning_rate': 9.040509334520662e-05, 'entropy': 1.3171368837356567, 'num_tokens': 2363828.0, 'mean_token_accuracy': 0.7746489897370339, 'epoch': 0.23}

 23%|██▎       | 95/417 [10:58<36:41,  6.84s/it]
 23%|██▎       | 96/417 [11:05<36:33,  6.83s/it]
 23%|██▎       | 97/417 [11:12<37:01,  6.94s/it]
 24%|██▎       | 98/417 [11:19<36:58,  6.95s/it]
 24%|██▎       | 99/417 [11:26<37:00,  6.98s/it]
 24%|██▍       | 100/417 [11:33<36:39,  6.94s/it]
                                                 
{'loss': 0.8965, 'grad_norm': 0.29079777002334595, 'learning_rate': 8.92297132623183e-05, 'entropy': 1.3064700186252594, 'num_tokens': 2487879.0, 'mean_token_accuracy': 0.7774490863084793, 'epoch': 0.24}

 24%|██▍       | 100/417 [11:33<36:39,  6.94s/it]
 24%|██▍       | 101/417 [11:41<37:49,  7.18s/it]
 24%|██▍       | 102/417 [11:47<37:08,  7.08s/it]
 25%|██▍       | 103/417 [11:54<36:35,  6.99s/it]
 25%|██▍       | 104/417 [12:01<35:42,  6.84s/it]
 25%|██▌       | 105/417 [12:08<35:49,  6.89s/it]
                                                 
{'loss': 0.9173, 'grad_norm': 0.28273826837539673, 'learning_rate': 8.79950355344959e-05, 'entropy': 1.326114121079445, 'num_tokens': 2610296.0, 'mean_token_accuracy': 0.7727925568819046, 'epoch': 0.25}

 25%|██▌       | 105/417 [12:08<35:49,  6.89s/it]
 25%|██▌       | 106/417 [12:14<35:26,  6.84s/it]
 26%|██▌       | 107/417 [12:22<35:47,  6.93s/it]
 26%|██▌       | 108/417 [12:28<35:31,  6.90s/it]
 26%|██▌       | 109/417 [12:35<35:27,  6.91s/it]
 26%|██▋       | 110/417 [12:42<35:17,  6.90s/it]
                                                 
{'loss': 0.9072, 'grad_norm': 0.27699577808380127, 'learning_rate': 8.670292643797302e-05, 'entropy': 1.3248529404401779, 'num_tokens': 2735374.0, 'mean_token_accuracy': 0.7768299534916878, 'epoch': 0.26}

 26%|██▋       | 110/417 [12:42<35:17,  6.90s/it]
 27%|██▋       | 111/417 [12:49<35:34,  6.98s/it]
 27%|██▋       | 112/417 [12:56<35:06,  6.91s/it]
 27%|██▋       | 113/417 [13:03<35:30,  7.01s/it]
 27%|██▋       | 114/417 [13:10<35:28,  7.03s/it]
 28%|██▊       | 115/417 [13:18<35:52,  7.13s/it]
                                                 
{'loss': 0.9032, 'grad_norm': 0.26369547843933105, 'learning_rate': 8.535533905932738e-05, 'entropy': 1.3196715593338013, 'num_tokens': 2861170.0, 'mean_token_accuracy': 0.7773717805743218, 'epoch': 0.28}

 28%|██▊       | 115/417 [13:18<35:52,  7.13s/it]
 28%|██▊       | 116/417 [13:25<35:22,  7.05s/it]
 28%|██▊       | 117/417 [13:32<35:19,  7.06s/it]
 28%|██▊       | 118/417 [13:39<34:55,  7.01s/it]
 29%|██▊       | 119/417 [13:45<34:25,  6.93s/it]
 29%|██▉       | 120/417 [13:52<33:59,  6.87s/it]
                                                 
{'loss': 0.8741, 'grad_norm': 0.28616711497306824, 'learning_rate': 8.39543103432943e-05, 'entropy': 1.3029588341712952, 'num_tokens': 2983928.0, 'mean_token_accuracy': 0.7834092423319816, 'epoch': 0.29}

 29%|██▉       | 120/417 [13:52<33:59,  6.87s/it]
 29%|██▉       | 121/417 [13:59<33:59,  6.89s/it]
 29%|██▉       | 122/417 [14:06<34:31,  7.02s/it]
 29%|██▉       | 123/417 [14:13<34:34,  7.06s/it]
 30%|██▉       | 124/417 [14:21<34:30,  7.07s/it]
 30%|██▉       | 125/417 [14:27<34:09,  7.02s/it]
                                                 
{'loss': 0.908, 'grad_norm': 0.2933628559112549, 'learning_rate': 8.250195801382425e-05, 'entropy': 1.2993359923362733, 'num_tokens': 3109663.0, 'mean_token_accuracy': 0.7743490144610405, 'epoch': 0.3}

 30%|██▉       | 125/417 [14:27<34:09,  7.02s/it]
 30%|███       | 126/417 [14:35<34:29,  7.11s/it]
 30%|███       | 127/417 [14:41<33:47,  6.99s/it]
 31%|███       | 128/417 [14:49<33:53,  7.03s/it]
 31%|███       | 129/417 [14:56<34:00,  7.08s/it]
 31%|███       | 130/417 [15:03<33:34,  7.02s/it]
                                                 
{'loss': 0.8899, 'grad_norm': 0.29665330052375793, 'learning_rate': 8.100047737303877e-05, 'entropy': 1.3234000980854035, 'num_tokens': 3235918.0, 'mean_token_accuracy': 0.7801227271556854, 'epoch': 0.31}

 31%|███       | 130/417 [15:03<33:34,  7.02s/it]
 31%|███▏      | 131/417 [15:10<33:13,  6.97s/it]
 32%|███▏      | 132/417 [15:17<33:21,  7.02s/it]
 32%|███▏      | 133/417 [15:24<33:12,  7.02s/it]
 32%|███▏      | 134/417 [15:31<33:02,  7.01s/it]
 32%|███▏      | 135/417 [15:38<32:45,  6.97s/it]
                                                 
{'loss': 0.873, 'grad_norm': 0.3058423101902008, 'learning_rate': 7.945213798292309e-05, 'entropy': 1.3141152769327165, 'num_tokens': 3360355.0, 'mean_token_accuracy': 0.7835891768336296, 'epoch': 0.32}

 32%|███▏      | 135/417 [15:38<32:45,  6.97s/it]
 33%|███▎      | 136/417 [15:45<32:40,  6.98s/it]
 33%|███▎      | 137/417 [15:51<32:19,  6.93s/it]
 33%|███▎      | 138/417 [15:59<32:32,  7.00s/it]
 33%|███▎      | 139/417 [16:05<32:13,  6.96s/it]
 34%|███▎      | 140/417 [16:12<31:38,  6.85s/it]
                                                 
{'loss': 0.8774, 'grad_norm': 0.34179073572158813, 'learning_rate': 7.785928023477142e-05, 'entropy': 1.2971543490886688, 'num_tokens': 3484058.0, 'mean_token_accuracy': 0.782572653889656, 'epoch': 0.34}

 34%|███▎      | 140/417 [16:12<31:38,  6.85s/it]
 34%|███▍      | 141/417 [16:19<31:16,  6.80s/it]
 34%|███▍      | 142/417 [16:26<31:31,  6.88s/it]
 34%|███▍      | 143/417 [16:32<30:50,  6.75s/it]
 35%|███▍      | 144/417 [16:39<31:10,  6.85s/it]
 35%|███▍      | 145/417 [16:46<31:10,  6.88s/it]
                                                 
{'loss': 0.8805, 'grad_norm': 0.3429099917411804, 'learning_rate': 7.62243118115701e-05, 'entropy': 1.2878823578357697, 'num_tokens': 3606902.0, 'mean_token_accuracy': 0.7833555266261101, 'epoch': 0.35}

 35%|███▍      | 145/417 [16:46<31:10,  6.88s/it]
 35%|███▌      | 146/417 [16:53<31:15,  6.92s/it]
 35%|███▌      | 147/417 [17:00<31:08,  6.92s/it]
 35%|███▌      | 148/417 [17:07<31:17,  6.98s/it]
 36%|███▌      | 149/417 [17:14<31:02,  6.95s/it]
 36%|███▌      | 150/417 [17:21<31:01,  6.97s/it]
                                                 
{'loss': 0.9041, 'grad_norm': 0.4385591149330139, 'learning_rate': 7.454970404866611e-05, 'entropy': 1.310271579027176, 'num_tokens': 3732045.0, 'mean_token_accuracy': 0.7773626044392585, 'epoch': 0.36}

 36%|███▌      | 150/417 [17:21<31:01,  6.97s/it]
 36%|███▌      | 151/417 [17:28<30:49,  6.95s/it]
 36%|███▋      | 152/417 [17:35<30:57,  7.01s/it]
 37%|███▋      | 153/417 [17:42<30:53,  7.02s/it]
 37%|███▋      | 154/417 [17:50<31:06,  7.10s/it]
 37%|███▋      | 155/417 [17:56<30:38,  7.02s/it]
                                                 
{'loss': 0.8886, 'grad_norm': 0.43523821234703064, 'learning_rate': 7.283798819822194e-05, 'entropy': 1.306070140004158, 'num_tokens': 3858369.0, 'mean_token_accuracy': 0.7790855869650841, 'epoch': 0.37}

 37%|███▋      | 155/417 [17:56<30:38,  7.02s/it]
 37%|███▋      | 156/417 [18:03<30:38,  7.04s/it]
 38%|███▊      | 157/417 [18:10<30:28,  7.03s/it]
 38%|███▊      | 158/417 [18:18<30:25,  7.05s/it]
 38%|███▊      | 159/417 [18:25<30:12,  7.02s/it]
 38%|███▊      | 160/417 [18:32<30:08,  7.04s/it]
                                                 
{'loss': 0.8656, 'grad_norm': 0.3421064019203186, 'learning_rate': 7.109175160310312e-05, 'entropy': 1.2831185698509215, 'num_tokens': 3983910.0, 'mean_token_accuracy': 0.7828718885779381, 'epoch': 0.38}

 38%|███▊      | 160/417 [18:32<30:08,  7.04s/it]
 39%|███▊      | 161/417 [18:39<29:58,  7.03s/it]
 39%|███▉      | 162/417 [18:45<29:31,  6.95s/it]
 39%|███▉      | 163/417 [18:52<28:51,  6.82s/it]
 39%|███▉      | 164/417 [18:59<28:46,  6.82s/it]
 40%|███▉      | 165/417 [19:05<28:33,  6.80s/it]
                                                 
{'loss': 0.8837, 'grad_norm': 0.290879487991333, 'learning_rate': 6.93136337859821e-05, 'entropy': 1.30961432158947, 'num_tokens': 4105977.0, 'mean_token_accuracy': 0.7816773772239685, 'epoch': 0.4}

 40%|███▉      | 165/417 [19:05<28:33,  6.80s/it]
 40%|███▉      | 166/417 [19:13<28:45,  6.88s/it]
 40%|████      | 167/417 [19:19<28:09,  6.76s/it]
 40%|████      | 168/417 [19:26<28:18,  6.82s/it]
 41%|████      | 169/417 [19:33<28:14,  6.83s/it]
 41%|████      | 170/417 [19:40<28:27,  6.91s/it]
                                                 
{'loss': 0.8759, 'grad_norm': 0.34701964259147644, 'learning_rate': 6.750632245956953e-05, 'entropy': 1.2911853313446044, 'num_tokens': 4228307.0, 'mean_token_accuracy': 0.78175028860569, 'epoch': 0.41}

 41%|████      | 170/417 [19:40<28:27,  6.91s/it]
 41%|████      | 171/417 [19:47<27:57,  6.82s/it]
 41%|████      | 172/417 [19:54<28:17,  6.93s/it]
 41%|████▏     | 173/417 [20:01<28:07,  6.92s/it]
 42%|████▏     | 174/417 [20:07<27:30,  6.79s/it]
 42%|████▏     | 175/417 [20:14<27:30,  6.82s/it]
                                                 
{'loss': 0.8412, 'grad_norm': 0.3828592598438263, 'learning_rate': 6.567254946400411e-05, 'entropy': 1.2668161928653716, 'num_tokens': 4351789.0, 'mean_token_accuracy': 0.787923002243042, 'epoch': 0.42}

 42%|████▏     | 175/417 [20:14<27:30,  6.82s/it]
 42%|████▏     | 176/417 [20:21<27:22,  6.82s/it]
 42%|████▏     | 177/417 [20:28<27:09,  6.79s/it]
 43%|████▎     | 178/417 [20:35<27:23,  6.88s/it]
 43%|████▎     | 179/417 [20:41<27:15,  6.87s/it]
 43%|████▎     | 180/417 [20:49<27:39,  7.00s/it]
                                                 
{'loss': 0.8675, 'grad_norm': 0.28450214862823486, 'learning_rate': 6.381508663754153e-05, 'entropy': 1.2768296360969544, 'num_tokens': 4476043.0, 'mean_token_accuracy': 0.7832310169935226, 'epoch': 0.43}

 43%|████▎     | 180/417 [20:49<27:39,  7.00s/it]
 43%|████▎     | 181/417 [20:56<27:29,  6.99s/it]
 44%|████▎     | 182/417 [21:03<27:10,  6.94s/it]
 44%|████▍     | 183/417 [21:09<26:59,  6.92s/it]
 44%|████▍     | 184/417 [21:16<26:58,  6.95s/it]
 44%|████▍     | 185/417 [21:23<26:22,  6.82s/it]
                                                 
{'loss': 0.8524, 'grad_norm': 0.32451754808425903, 'learning_rate': 6.193674162678437e-05, 'entropy': 1.2814247190952301, 'num_tokens': 4599615.0, 'mean_token_accuracy': 0.7879928559064865, 'epoch': 0.44}

 44%|████▍     | 185/417 [21:23<26:22,  6.82s/it]
 45%|████▍     | 186/417 [21:30<26:15,  6.82s/it]
 45%|████▍     | 187/417 [21:37<26:22,  6.88s/it]
 45%|████▌     | 188/417 [21:44<26:35,  6.97s/it]
 45%|████▌     | 189/417 [21:51<26:14,  6.91s/it]
 46%|████▌     | 190/417 [21:58<26:17,  6.95s/it]
                                                 
{'loss': 0.8596, 'grad_norm': 0.2875712513923645, 'learning_rate': 6.004035364278593e-05, 'entropy': 1.3005782961845398, 'num_tokens': 4724405.0, 'mean_token_accuracy': 0.7864707857370377, 'epoch': 0.46}

 46%|████▌     | 190/417 [21:58<26:17,  6.95s/it]
 46%|████▌     | 191/417 [22:05<25:59,  6.90s/it]
 46%|████▌     | 192/417 [22:11<25:48,  6.88s/it]
 46%|████▋     | 193/417 [22:18<25:39,  6.87s/it]
 47%|████▋     | 194/417 [22:26<26:03,  7.01s/it]
 47%|████▋     | 195/417 [22:32<25:43,  6.95s/it]
                                                 
{'loss': 0.8966, 'grad_norm': 0.42580756545066833, 'learning_rate': 5.8128789169442756e-05, 'entropy': 1.2810582160949706, 'num_tokens': 4848178.0, 'mean_token_accuracy': 0.778282479941845, 'epoch': 0.47}

 47%|████▋     | 195/417 [22:32<25:43,  6.95s/it]
 47%|████▋     | 196/417 [22:40<25:48,  7.01s/it]
 47%|████▋     | 197/417 [22:46<25:32,  6.97s/it]
 47%|████▋     | 198/417 [22:54<25:34,  7.01s/it]
 48%|████▊     | 199/417 [23:00<25:21,  6.98s/it]
 48%|████▊     | 200/417 [23:08<25:22,  7.02s/it]
                                                 
{'loss': 0.8584, 'grad_norm': 0.4435479938983917, 'learning_rate': 5.620493763066297e-05, 'entropy': 1.2824834257364273, 'num_tokens': 4973535.0, 'mean_token_accuracy': 0.7856814414262772, 'epoch': 0.48}

 48%|████▊     | 200/417 [23:08<25:22,  7.02s/it]
 48%|████▊     | 201/417 [23:15<25:47,  7.17s/it]
 48%|████▊     | 202/417 [23:22<25:14,  7.04s/it]
 49%|████▊     | 203/417 [23:29<25:14,  7.08s/it]
 49%|████▉     | 204/417 [23:36<25:02,  7.06s/it]
 49%|████▉     | 205/417 [23:43<25:07,  7.11s/it]
                                                 
{'loss': 0.8668, 'grad_norm': 0.4480556845664978, 'learning_rate': 5.427170702285964e-05, 'entropy': 1.2903309971094132, 'num_tokens': 5098483.0, 'mean_token_accuracy': 0.7827914103865623, 'epoch': 0.49}

 49%|████▉     | 205/417 [23:43<25:07,  7.11s/it]
 49%|████▉     | 206/417 [23:50<24:46,  7.05s/it]
 50%|████▉     | 207/417 [23:57<24:29,  7.00s/it]
 50%|████▉     | 208/417 [24:04<23:54,  6.86s/it]
 50%|█████     | 209/417 [24:10<23:44,  6.85s/it]
 50%|█████     | 210/417 [24:17<23:52,  6.92s/it]
                                                 
{'loss': 0.8868, 'grad_norm': 0.3377554714679718, 'learning_rate': 5.233201951937088e-05, 'entropy': 1.3029208779335022, 'num_tokens': 5222571.0, 'mean_token_accuracy': 0.7796257749199867, 'epoch': 0.5}

 50%|█████     | 210/417 [24:17<23:52,  6.92s/it]
 51%|█████     | 211/417 [24:25<24:00,  6.99s/it]
 51%|█████     | 212/417 [24:32<23:58,  7.01s/it]
 51%|█████     | 213/417 [24:39<23:41,  6.97s/it]
 51%|█████▏    | 214/417 [24:45<23:24,  6.92s/it]
 52%|█████▏    | 215/417 [24:52<23:14,  6.90s/it]
                                                 
{'loss': 0.9096, 'grad_norm': 0.37640380859375, 'learning_rate': 5.038880705345086e-05, 'entropy': 1.3033838450908661, 'num_tokens': 5348667.0, 'mean_token_accuracy': 0.7763417810201645, 'epoch': 0.52}

 52%|█████▏    | 215/417 [24:52<23:14,  6.90s/it]
 52%|█████▏    | 216/417 [24:59<22:56,  6.85s/it]
 52%|█████▏    | 217/417 [25:06<23:04,  6.92s/it]
 52%|█████▏    | 218/417 [25:13<23:15,  7.01s/it]
 53%|█████▎    | 219/417 [25:20<22:51,  6.93s/it]
 53%|█████▎    | 220/417 [25:27<22:47,  6.94s/it]
                                                 
{'loss': 0.8529, 'grad_norm': 0.35557910799980164, 'learning_rate': 4.844500688650816e-05, 'entropy': 1.27015880048275, 'num_tokens': 5474813.0, 'mean_token_accuracy': 0.7864129319787025, 'epoch': 0.53}

 53%|█████▎    | 220/417 [25:27<22:47,  6.94s/it]
 53%|█████▎    | 221/417 [25:34<23:13,  7.11s/it]
 53%|█████▎    | 222/417 [25:41<22:43,  6.99s/it]
 53%|█████▎    | 223/417 [25:48<22:24,  6.93s/it]
 54%|█████▎    | 224/417 [25:55<22:27,  6.98s/it]
 54%|█████▍    | 225/417 [26:02<22:26,  7.01s/it]
                                                 
{'loss': 0.8514, 'grad_norm': 0.3307064175605774, 'learning_rate': 4.650355716829043e-05, 'entropy': 1.2819814711809159, 'num_tokens': 5599677.0, 'mean_token_accuracy': 0.7870842069387436, 'epoch': 0.54}

 54%|█████▍    | 225/417 [26:02<22:26,  7.01s/it]
 54%|█████▍    | 226/417 [26:09<22:04,  6.94s/it]
 54%|█████▍    | 227/417 [26:16<22:00,  6.95s/it]
 55%|█████▍    | 228/417 [26:23<21:56,  6.96s/it]
 55%|█████▍    | 229/417 [26:30<21:57,  7.01s/it]
 55%|█████▌    | 230/417 [26:37<21:51,  7.01s/it]
                                                 
{'loss': 0.8842, 'grad_norm': 0.3419109880924225, 'learning_rate': 4.456739249572627e-05, 'entropy': 1.3094820231199265, 'num_tokens': 5725045.0, 'mean_token_accuracy': 0.7789637431502342, 'epoch': 0.55}

 55%|█████▌    | 230/417 [26:37<21:51,  7.01s/it]
 55%|█████▌    | 231/417 [26:44<21:42,  7.00s/it]
 56%|█████▌    | 232/417 [26:51<21:36,  7.01s/it]
 56%|█████▌    | 233/417 [26:58<21:15,  6.93s/it]
 56%|█████▌    | 234/417 [27:05<21:07,  6.93s/it]
 56%|█████▋    | 235/417 [27:12<21:14,  7.00s/it]
                                                 
{'loss': 0.8682, 'grad_norm': 0.4784242808818817, 'learning_rate': 4.263943947713727e-05, 'entropy': 1.2973774164915084, 'num_tokens': 5849621.0, 'mean_token_accuracy': 0.7822923302650452, 'epoch': 0.56}

 56%|█████▋    | 235/417 [27:12<21:14,  7.00s/it]
 57%|█████▋    | 236/417 [27:19<21:17,  7.06s/it]
 57%|█████▋    | 237/417 [27:26<20:55,  6.98s/it]
 57%|█████▋    | 238/417 [27:33<20:41,  6.94s/it]
 57%|█████▋    | 239/417 [27:40<20:31,  6.92s/it]
 58%|█████▊    | 240/417 [27:47<20:27,  6.94s/it]
                                                 
{'loss': 0.892, 'grad_norm': 0.4332725405693054, 'learning_rate': 4.0722612308525335e-05, 'entropy': 1.2865362018346786, 'num_tokens': 5972603.0, 'mean_token_accuracy': 0.778057125210762, 'epoch': 0.58}

 58%|█████▊    | 240/417 [27:47<20:27,  6.94s/it]
 58%|█████▊    | 241/417 [27:53<20:10,  6.88s/it]
 58%|█████▊    | 242/417 [28:00<20:04,  6.88s/it]
 58%|█████▊    | 243/417 [28:07<20:07,  6.94s/it]
 59%|█████▊    | 244/417 [28:14<20:10,  6.99s/it]
 59%|█████▉    | 245/417 [28:21<20:10,  7.04s/it]
                                                 
{'loss': 0.8671, 'grad_norm': 0.3703664243221283, 'learning_rate': 3.8819808368621894e-05, 'entropy': 1.2894842773675919, 'num_tokens': 6097700.0, 'mean_token_accuracy': 0.7835860788822174, 'epoch': 0.59}

 59%|█████▉    | 245/417 [28:21<20:10,  7.04s/it]
 59%|█████▉    | 246/417 [28:28<19:51,  6.97s/it]
 59%|█████▉    | 247/417 [28:35<19:49,  7.00s/it]
 59%|█████▉    | 248/417 [28:42<19:34,  6.95s/it]
 60%|█████▉    | 249/417 [28:49<19:42,  7.04s/it]
 60%|█████▉    | 250/417 [28:56<19:21,  6.95s/it]
                                                 
{'loss': 0.8627, 'grad_norm': 0.3965059816837311, 'learning_rate': 3.693390383935698e-05, 'entropy': 1.2799518764019013, 'num_tokens': 6222796.0, 'mean_token_accuracy': 0.7854423448443413, 'epoch': 0.6}

 60%|█████▉    | 250/417 [28:56<19:21,  6.95s/it]
 60%|██████    | 251/417 [29:03<19:22,  7.00s/it]
 60%|██████    | 252/417 [29:10<19:07,  6.95s/it]
 61%|██████    | 253/417 [29:17<18:59,  6.95s/it]
 61%|██████    | 254/417 [29:24<18:48,  6.92s/it]
 61%|██████    | 255/417 [29:31<18:23,  6.81s/it]
                                                 
{'loss': 0.8611, 'grad_norm': 0.3347857594490051, 'learning_rate': 3.506774935836868e-05, 'entropy': 1.2817012995481492, 'num_tokens': 6346873.0, 'mean_token_accuracy': 0.7858544498682022, 'epoch': 0.61}

 61%|██████    | 255/417 [29:31<18:23,  6.81s/it]
 61%|██████▏   | 256/417 [29:38<18:25,  6.87s/it]
 62%|██████▏   | 257/417 [29:45<18:32,  6.96s/it]
 62%|██████▏   | 258/417 [29:51<18:12,  6.87s/it]
 62%|██████▏   | 259/417 [29:59<18:25,  7.00s/it]
 62%|██████▏   | 260/417 [30:05<17:53,  6.84s/it]
                                                 
{'loss': 0.8475, 'grad_norm': 0.445040762424469, 'learning_rate': 3.3224165710123756e-05, 'entropy': 1.2743002653121949, 'num_tokens': 6470457.0, 'mean_token_accuracy': 0.7876474246382713, 'epoch': 0.62}

 62%|██████▏   | 260/417 [30:05<17:53,  6.84s/it]
 63%|██████▎   | 261/417 [30:12<17:53,  6.88s/it]
 63%|██████▎   | 262/417 [30:19<17:35,  6.81s/it]
 63%|██████▎   | 263/417 [30:26<17:51,  6.96s/it]
 63%|██████▎   | 264/417 [30:33<17:39,  6.93s/it]
 64%|██████▎   | 265/417 [30:40<17:35,  6.94s/it]
                                                 
{'loss': 0.8832, 'grad_norm': 0.429794043302536, 'learning_rate': 3.1405939562162937e-05, 'entropy': 1.291169735789299, 'num_tokens': 6594671.0, 'mean_token_accuracy': 0.7806952118873596, 'epoch': 0.64}

 64%|██████▎   | 265/417 [30:40<17:35,  6.94s/it]
 64%|██████▍   | 266/417 [30:47<17:28,  6.94s/it]
 64%|██████▍   | 267/417 [30:54<17:23,  6.96s/it]
 64%|██████▍   | 268/417 [31:01<17:13,  6.93s/it]
 65%|██████▍   | 269/417 [31:08<17:05,  6.93s/it]
 65%|██████▍   | 270/417 [31:14<16:53,  6.89s/it]
                                                 
{'loss': 0.87, 'grad_norm': 0.344056636095047, 'learning_rate': 2.9615819252915565e-05, 'entropy': 1.2945969521999359, 'num_tokens': 6719942.0, 'mean_token_accuracy': 0.781895712018013, 'epoch': 0.65}

 65%|██████▍   | 270/417 [31:14<16:53,  6.89s/it]
 65%|██████▍   | 271/417 [31:22<16:59,  6.98s/it]
 65%|██████▌   | 272/417 [31:29<17:02,  7.05s/it]
 65%|██████▌   | 273/417 [31:36<16:47,  7.00s/it]
 66%|██████▌   | 274/417 [31:42<16:24,  6.89s/it]
 66%|██████▌   | 275/417 [31:49<16:16,  6.87s/it]
                                                 
{'loss': 0.8732, 'grad_norm': 0.3409756124019623, 'learning_rate': 2.7856510637450668e-05, 'entropy': 1.2952006071805955, 'num_tokens': 6843458.0, 'mean_token_accuracy': 0.7839127078652381, 'epoch': 0.66}

 66%|██████▌   | 275/417 [31:49<16:16,  6.87s/it]
 66%|██████▌   | 276/417 [31:56<16:00,  6.81s/it]
 66%|██████▋   | 277/417 [32:03<15:57,  6.84s/it]
 67%|██████▋   | 278/417 [32:10<15:49,  6.83s/it]
 67%|██████▋   | 279/417 [32:16<15:47,  6.87s/it]
 67%|██████▋   | 280/417 [32:23<15:41,  6.87s/it]
                                                 
{'loss': 0.8517, 'grad_norm': 0.33274200558662415, 'learning_rate': 2.613067299744364e-05, 'entropy': 1.275025686621666, 'num_tokens': 6965692.0, 'mean_token_accuracy': 0.7877543538808822, 'epoch': 0.67}

 67%|██████▋   | 280/417 [32:23<15:41,  6.87s/it]
 67%|██████▋   | 281/417 [32:30<15:37,  6.89s/it]
 68%|██████▊   | 282/417 [32:37<15:28,  6.87s/it]
 68%|██████▊   | 283/417 [32:44<15:24,  6.90s/it]
 68%|██████▊   | 284/417 [32:51<15:15,  6.88s/it]
 68%|██████▊   | 285/417 [32:58<15:22,  6.99s/it]
                                                 
{'loss': 0.8619, 'grad_norm': 0.3483544588088989, 'learning_rate': 2.444091502154095e-05, 'entropy': 1.2783738791942596, 'num_tokens': 7089747.0, 'mean_token_accuracy': 0.7881184026598931, 'epoch': 0.68}

 68%|██████▊   | 285/417 [32:58<15:22,  6.99s/it]
 69%|██████▊   | 286/417 [33:05<15:10,  6.95s/it]
 69%|██████▉   | 287/417 [33:12<14:54,  6.88s/it]
 69%|██████▉   | 288/417 [33:19<14:50,  6.90s/it]
 69%|██████▉   | 289/417 [33:26<14:45,  6.92s/it]
 70%|██████▉   | 290/417 [33:33<14:36,  6.90s/it]
                                                 
{'loss': 0.8617, 'grad_norm': 0.42800042033195496, 'learning_rate': 2.2789790862198628e-05, 'entropy': 1.2735384821891784, 'num_tokens': 7213053.0, 'mean_token_accuracy': 0.7842737779021263, 'epoch': 0.7}

 70%|██████▉   | 290/417 [33:33<14:36,  6.90s/it]
 70%|██████▉   | 291/417 [33:39<14:31,  6.91s/it]
 70%|███████   | 292/417 [33:47<14:32,  6.98s/it]
 70%|███████   | 293/417 [33:54<14:28,  7.01s/it]
 71%|███████   | 294/417 [34:01<14:24,  7.03s/it]
 71%|███████   | 295/417 [34:08<14:20,  7.05s/it]
                                                 
{'loss': 0.8752, 'grad_norm': 0.5263573527336121, 'learning_rate': 2.1179796274955073e-05, 'entropy': 1.2998665541410446, 'num_tokens': 7337165.0, 'mean_token_accuracy': 0.7828872740268707, 'epoch': 0.71}

 71%|███████   | 295/417 [34:08<14:20,  7.05s/it]
 71%|███████   | 296/417 [34:15<14:18,  7.10s/it]
 71%|███████   | 297/417 [34:22<13:56,  6.97s/it]
 71%|███████▏  | 298/417 [34:29<13:57,  7.04s/it]
 72%|███████▏  | 299/417 [34:35<13:32,  6.89s/it]
 72%|███████▏  | 300/417 [34:43<13:35,  6.97s/it]
                                                 
{'loss': 0.8735, 'grad_norm': 0.356795072555542, 'learning_rate': 1.961336484597343e-05, 'entropy': 1.306320658326149, 'num_tokens': 7461616.0, 'mean_token_accuracy': 0.7807045698165893, 'epoch': 0.72}

 72%|███████▏  | 300/417 [34:43<13:35,  6.97s/it]
 72%|███████▏  | 301/417 [34:50<13:47,  7.13s/it]
 72%|███████▏  | 302/417 [34:57<13:38,  7.12s/it]
 73%|███████▎  | 303/417 [35:04<13:20,  7.02s/it]
 73%|███████▎  | 304/417 [35:11<13:22,  7.11s/it]
 73%|███████▎  | 305/417 [35:18<13:03,  6.99s/it]
                                                 
{'loss': 0.8851, 'grad_norm': 0.36218610405921936, 'learning_rate': 1.8092864313556234e-05, 'entropy': 1.2885781973600388, 'num_tokens': 7585698.0, 'mean_token_accuracy': 0.7796728119254113, 'epoch': 0.73}

 73%|███████▎  | 305/417 [35:18<13:03,  6.99s/it]
 73%|███████▎  | 306/417 [35:25<12:52,  6.96s/it]
 74%|███████▎  | 307/417 [35:32<12:33,  6.85s/it]
 74%|███████▍  | 308/417 [35:38<12:28,  6.87s/it]
 74%|███████▍  | 309/417 [35:46<12:34,  6.98s/it]
 74%|███████▍  | 310/417 [35:53<12:31,  7.02s/it]
                                                 
{'loss': 0.8387, 'grad_norm': 0.4048497676849365, 'learning_rate': 1.662059298919232e-05, 'entropy': 1.2634146094322205, 'num_tokens': 7710739.0, 'mean_token_accuracy': 0.7907453522086143, 'epoch': 0.74}

 74%|███████▍  | 310/417 [35:53<12:31,  7.02s/it]
 75%|███████▍  | 311/417 [36:00<12:17,  6.95s/it]
 75%|███████▍  | 312/417 [36:06<12:04,  6.90s/it]
 75%|███████▌  | 313/417 [36:13<12:00,  6.92s/it]
 75%|███████▌  | 314/417 [36:21<12:04,  7.03s/it]
 76%|███████▌  | 315/417 [36:27<11:43,  6.90s/it]
                                                 
{'loss': 0.856, 'grad_norm': 0.3427552580833435, 'learning_rate': 1.5198776283545668e-05, 'entropy': 1.2786947071552277, 'num_tokens': 7833868.0, 'mean_token_accuracy': 0.78748210221529, 'epoch': 0.76}

 76%|███████▌  | 315/417 [36:27<11:43,  6.90s/it]
 76%|███████▌  | 316/417 [36:34<11:38,  6.92s/it]
 76%|███████▌  | 317/417 [36:41<11:31,  6.91s/it]
 76%|███████▋  | 318/417 [36:48<11:23,  6.90s/it]
 76%|███████▋  | 319/417 [36:55<11:16,  6.90s/it]
 77%|███████▋  | 320/417 [37:02<11:21,  7.03s/it]
                                                 
{'loss': 0.8608, 'grad_norm': 0.3855246901512146, 'learning_rate': 1.3829563342637513e-05, 'entropy': 1.2729456752538681, 'num_tokens': 7957302.0, 'mean_token_accuracy': 0.7857055589556694, 'epoch': 0.77}

 77%|███████▋  | 320/417 [37:02<11:21,  7.03s/it]
 77%|███████▋  | 321/417 [37:09<11:10,  6.99s/it]
 77%|███████▋  | 322/417 [37:16<11:11,  7.07s/it]
 77%|███████▋  | 323/417 [37:23<10:54,  6.97s/it]
 78%|███████▊  | 324/417 [37:30<10:45,  6.95s/it]
 78%|███████▊  | 325/417 [37:37<10:35,  6.91s/it]
                                                 
{'loss': 0.8716, 'grad_norm': 0.3903160095214844, 'learning_rate': 1.251502379930629e-05, 'entropy': 1.276135551929474, 'num_tokens': 8081459.0, 'mean_token_accuracy': 0.7831965059041976, 'epoch': 0.78}

 78%|███████▊  | 325/417 [37:37<10:35,  6.91s/it]
 78%|███████▊  | 326/417 [37:44<10:32,  6.95s/it]
 78%|███████▊  | 327/417 [37:51<10:28,  6.98s/it]
 79%|███████▊  | 328/417 [37:58<10:22,  7.00s/it]
 79%|███████▉  | 329/417 [38:05<10:07,  6.91s/it]
 79%|███████▉  | 330/417 [38:12<10:05,  6.95s/it]
                                                 
{'loss': 0.862, 'grad_norm': 0.3285333812236786, 'learning_rate': 1.125714464485551e-05, 'entropy': 1.276414394378662, 'num_tokens': 8206213.0, 'mean_token_accuracy': 0.7849230214953422, 'epoch': 0.79}

 79%|███████▉  | 330/417 [38:12<10:05,  6.95s/it]
 79%|███████▉  | 331/417 [38:19<10:01,  6.99s/it]
 80%|███████▉  | 332/417 [38:26<09:55,  7.01s/it]
 80%|███████▉  | 333/417 [38:33<09:44,  6.96s/it]
 80%|████████  | 334/417 [38:40<09:41,  7.00s/it]
 80%|████████  | 335/417 [38:47<09:31,  6.98s/it]
                                                 
{'loss': 0.8532, 'grad_norm': 0.3172633647918701, 'learning_rate': 1.0057827225618555e-05, 'entropy': 1.2853996843099593, 'num_tokens': 8331625.0, 'mean_token_accuracy': 0.7860082715749741, 'epoch': 0.8}

 80%|████████  | 335/417 [38:47<09:31,  6.98s/it]
 81%|████████  | 336/417 [38:54<09:27,  7.00s/it]
 81%|████████  | 337/417 [39:01<09:16,  6.95s/it]
 81%|████████  | 338/417 [39:08<09:11,  6.98s/it]
 81%|████████▏ | 339/417 [39:15<09:08,  7.04s/it]
 82%|████████▏ | 340/417 [39:22<09:07,  7.11s/it]
                                                 
{'loss': 0.8146, 'grad_norm': 0.31524592638015747, 'learning_rate': 8.91888436897997e-06, 'entropy': 1.2542492657899857, 'num_tokens': 8457205.0, 'mean_token_accuracy': 0.7951477274298668, 'epoch': 0.82}

 82%|████████▏ | 340/417 [39:22<09:07,  7.11s/it]
 82%|████████▏ | 341/417 [39:29<08:51,  6.99s/it]
 82%|████████▏ | 342/417 [39:36<08:49,  7.06s/it]
 82%|████████▏ | 343/417 [39:43<08:33,  6.94s/it]
 82%|████████▏ | 344/417 [39:50<08:28,  6.96s/it]
 83%|████████▎ | 345/417 [39:56<08:16,  6.90s/it]
                                                 
{'loss': 0.8476, 'grad_norm': 0.33449339866638184, 'learning_rate': 7.842037643197492e-06, 'entropy': 1.2676600396633149, 'num_tokens': 8581042.0, 'mean_token_accuracy': 0.7889813795685768, 'epoch': 0.83}

 83%|████████▎ | 345/417 [39:56<08:16,  6.90s/it]
 83%|████████▎ | 346/417 [40:03<08:12,  6.93s/it]
 83%|████████▎ | 347/417 [40:11<08:08,  6.98s/it]
 83%|████████▎ | 348/417 [40:17<07:56,  6.90s/it]
 84%|████████▎ | 349/417 [40:24<07:48,  6.89s/it]
 84%|████████▍ | 350/417 [40:31<07:44,  6.93s/it]
                                                 
{'loss': 0.8688, 'grad_norm': 0.3383401334285736, 'learning_rate': 6.828914755166827e-06, 'entropy': 1.2955703824758529, 'num_tokens': 8705444.0, 'mean_token_accuracy': 0.7851689711213112, 'epoch': 0.84}

 84%|████████▍ | 350/417 [40:31<07:44,  6.93s/it]
 84%|████████▍ | 351/417 [40:38<07:33,  6.87s/it]
 84%|████████▍ | 352/417 [40:45<07:28,  6.90s/it]
 85%|████████▍ | 353/417 [40:52<07:21,  6.90s/it]
 85%|████████▍ | 354/417 [40:59<07:17,  6.94s/it]
 85%|████████▌ | 355/417 [41:06<07:16,  7.04s/it]
                                                 
{'loss': 0.8437, 'grad_norm': 0.37098461389541626, 'learning_rate': 5.881047090062475e-06, 'entropy': 1.274656668305397, 'num_tokens': 8830561.0, 'mean_token_accuracy': 0.7884506583213806, 'epoch': 0.85}

 85%|████████▌ | 355/417 [41:06<07:16,  7.04s/it]
 85%|████████▌ | 356/417 [41:13<07:10,  7.05s/it]
 86%|████████▌ | 357/417 [41:20<07:01,  7.03s/it]
 86%|████████▌ | 358/417 [41:27<06:56,  7.05s/it]
 86%|████████▌ | 359/417 [41:34<06:49,  7.07s/it]
 86%|████████▋ | 360/417 [41:41<06:36,  6.95s/it]
                                                 
{'loss': 0.85, 'grad_norm': 0.4806489944458008, 'learning_rate': 4.999867396573499e-06, 'entropy': 1.27904631793499, 'num_tokens': 8954985.0, 'mean_token_accuracy': 0.7874663099646568, 'epoch': 0.86}

 86%|████████▋ | 360/417 [41:41<06:36,  6.95s/it]
 87%|████████▋ | 361/417 [41:48<06:27,  6.93s/it]
 87%|████████▋ | 362/417 [41:55<06:19,  6.90s/it]
 87%|████████▋ | 363/417 [42:02<06:10,  6.87s/it]
 87%|████████▋ | 364/417 [42:08<06:02,  6.83s/it]
 88%|████████▊ | 365/417 [42:15<05:54,  6.82s/it]
                                                 
{'loss': 0.8599, 'grad_norm': 0.37011396884918213, 'learning_rate': 4.18670762123336e-06, 'entropy': 1.2789540022611618, 'num_tokens': 9077482.0, 'mean_token_accuracy': 0.7849285870790481, 'epoch': 0.88}

 88%|████████▊ | 365/417 [42:15<05:54,  6.82s/it]
 88%|████████▊ | 366/417 [42:22<05:50,  6.87s/it]
 88%|████████▊ | 367/417 [42:29<05:43,  6.87s/it]
 88%|████████▊ | 368/417 [42:36<05:37,  6.89s/it]
 88%|████████▊ | 369/417 [42:43<05:28,  6.85s/it]
 89%|████████▊ | 370/417 [42:50<05:23,  6.88s/it]
                                                 
{'loss': 0.8589, 'grad_norm': 0.8324394226074219, 'learning_rate': 3.4427968951170288e-06, 'entropy': 1.2726597607135772, 'num_tokens': 9201454.0, 'mean_token_accuracy': 0.786009569466114, 'epoch': 0.89}

 89%|████████▊ | 370/417 [42:50<05:23,  6.88s/it]
 89%|████████▉ | 371/417 [42:57<05:17,  6.91s/it]
 89%|████████▉ | 372/417 [43:04<05:15,  7.01s/it]
 89%|████████▉ | 373/417 [43:11<05:09,  7.03s/it]
 90%|████████▉ | 374/417 [43:18<05:00,  6.98s/it]
 90%|████████▉ | 375/417 [43:25<04:58,  7.11s/it]
                                                 
{'loss': 0.86, 'grad_norm': 0.3378903269767761, 'learning_rate': 2.7692596759487877e-06, 'entropy': 1.2705374121665955, 'num_tokens': 9328086.0, 'mean_token_accuracy': 0.7859507471323013, 'epoch': 0.9}

 90%|████████▉ | 375/417 [43:25<04:58,  7.11s/it]
 90%|█████████ | 376/417 [43:32<04:48,  7.03s/it]
 90%|█████████ | 377/417 [43:39<04:40,  7.01s/it]
 91%|█████████ | 378/417 [43:46<04:36,  7.08s/it]
 91%|█████████ | 379/417 [43:53<04:30,  7.11s/it]
 91%|█████████ | 380/417 [44:00<04:21,  7.05s/it]
                                                 
{'loss': 0.8532, 'grad_norm': 0.3272702097892761, 'learning_rate': 2.1671140484290142e-06, 'entropy': 1.272591158747673, 'num_tokens': 9454230.0, 'mean_token_accuracy': 0.7872778728604317, 'epoch': 0.91}

 91%|█████████ | 380/417 [44:00<04:21,  7.05s/it]
 91%|█████████▏| 381/417 [44:07<04:13,  7.05s/it]
 92%|█████████▏| 382/417 [44:14<04:05,  7.02s/it]
 92%|█████████▏| 383/417 [44:22<04:01,  7.10s/it]
 92%|█████████▏| 384/417 [44:29<03:53,  7.07s/it]
 92%|█████████▏| 385/417 [44:36<03:45,  7.04s/it]
                                                 
{'loss': 0.865, 'grad_norm': 0.3363087475299835, 'learning_rate': 1.6372701853489436e-06, 'entropy': 1.2846656739711761, 'num_tokens': 9579804.0, 'mean_token_accuracy': 0.784923343360424, 'epoch': 0.92}

 92%|█████████▏| 385/417 [44:36<03:45,  7.04s/it]
 93%|█████████▎| 386/417 [44:42<03:35,  6.94s/it]
 93%|█████████▎| 387/417 [44:49<03:29,  6.97s/it]
 93%|█████████▎| 388/417 [44:56<03:21,  6.95s/it]
 93%|█████████▎| 389/417 [45:04<03:18,  7.09s/it]
 94%|█████████▎| 390/417 [45:11<03:12,  7.14s/it]
                                                 
{'loss': 0.8384, 'grad_norm': 0.3220129907131195, 'learning_rate': 1.18052897181965e-06, 'entropy': 1.257364895939827, 'num_tokens': 9706010.0, 'mean_token_accuracy': 0.7907044962048531, 'epoch': 0.94}

 94%|█████████▎| 390/417 [45:11<03:12,  7.14s/it]
 94%|█████████▍| 391/417 [45:18<03:05,  7.14s/it]
 94%|█████████▍| 392/417 [45:25<02:55,  7.01s/it]
 94%|█████████▍| 393/417 [45:32<02:49,  7.06s/it]
 94%|█████████▍| 394/417 [45:39<02:40,  6.96s/it]
 95%|█████████▍| 395/417 [45:45<02:31,  6.90s/it]
                                                 
{'loss': 0.8513, 'grad_norm': 0.41292548179626465, 'learning_rate': 7.975807946947245e-07, 'entropy': 1.2879029035568237, 'num_tokens': 9830452.0, 'mean_token_accuracy': 0.787666241824627, 'epoch': 0.95}

 95%|█████████▍| 395/417 [45:45<02:31,  6.90s/it]
 95%|█████████▍| 396/417 [45:52<02:24,  6.87s/it]
 95%|█████████▌| 397/417 [45:59<02:18,  6.92s/it]
 95%|█████████▌| 398/417 [46:06<02:12,  6.96s/it]
 96%|█████████▌| 399/417 [46:13<02:04,  6.93s/it]
 96%|█████████▌| 400/417 [46:20<01:59,  7.01s/it]
                                                 
{'loss': 0.8462, 'grad_norm': 0.5247882604598999, 'learning_rate': 4.890044990165321e-07, 'entropy': 1.2676681190729142, 'num_tokens': 9955245.0, 'mean_token_accuracy': 0.7869157955050469, 'epoch': 0.96}

 96%|█████████▌| 400/417 [46:20<01:59,  7.01s/it]
 96%|█████████▌| 401/417 [46:28<01:55,  7.24s/it]
 96%|█████████▋| 402/417 [46:35<01:47,  7.16s/it]
 97%|█████████▋| 403/417 [46:42<01:39,  7.10s/it]
 97%|█████████▋| 404/417 [46:49<01:32,  7.09s/it]
 97%|█████████▋| 405/417 [46:56<01:25,  7.09s/it]
                                                 
{'loss': 0.8586, 'grad_norm': 0.40607750415802, 'learning_rate': 2.552665130633958e-07, 'entropy': 1.2761150807142259, 'num_tokens': 10080869.0, 'mean_token_accuracy': 0.7853156164288521, 'epoch': 0.97}

 97%|█████████▋| 405/417 [46:56<01:25,  7.09s/it]
 97%|█████████▋| 406/417 [47:03<01:16,  6.98s/it]
 98%|█████████▊| 407/417 [47:10<01:09,  6.99s/it]
 98%|█████████▊| 408/417 [47:17<01:03,  7.06s/it]
 98%|█████████▊| 409/417 [47:24<00:56,  7.08s/it]
 98%|█████████▊| 410/417 [47:31<00:48,  6.94s/it]
                                                 
{'loss': 0.8094, 'grad_norm': 0.32819482684135437, 'learning_rate': 9.672014332028356e-08, 'entropy': 1.253223404288292, 'num_tokens': 10205061.0, 'mean_token_accuracy': 0.7952500104904174, 'epoch': 0.98}

 98%|█████████▊| 410/417 [47:31<00:48,  6.94s/it]
 99%|█████████▊| 411/417 [47:38<00:42,  7.01s/it]
 99%|█████████▉| 412/417 [47:45<00:34,  6.97s/it]
 99%|█████████▉| 413/417 [47:52<00:28,  7.04s/it]
 99%|█████████▉| 414/417 [47:59<00:20,  6.97s/it]
100%|█████████▉| 415/417 [48:06<00:13,  6.89s/it]
                                                 
{'loss': 0.8095, 'grad_norm': 0.42539432644844055, 'learning_rate': 1.3605040438618988e-08, 'entropy': 1.248742911219597, 'num_tokens': 10328836.0, 'mean_token_accuracy': 0.7971178069710732, 'epoch': 1.0}

100%|█████████▉| 415/417 [48:06<00:13,  6.89s/it]
100%|█████████▉| 416/417 [48:13<00:06,  6.91s/it]
100%|██████████| 417/417 [48:20<00:00,  6.95s/it]
                                                 
{'train_runtime': 2902.7496, 'train_samples_per_second': 3.448, 'train_steps_per_second': 0.144, 'train_loss': 0.9138532225176584, 'entropy': 1.2717066556215286, 'num_tokens': 10379429.0, 'mean_token_accuracy': 0.7878139689564705, 'epoch': 1.0}

100%|██████████| 417/417 [48:20<00:00,  6.95s/it]
100%|██████████| 417/417 [48:20<00:00,  6.96s/it]
/opt/miniconda3/lib/python3.10/site-packages/torch/distributed/distributed_c10d.py:4807: UserWarning: No device id is provided via `init_process_group` or `barrier `. Using the current device set by the user. 
  warnings.warn(  # warn only once
FRESH_BINARY_SFT_COMPLETE
  adapter       : /root/firac_fresh_binary_experiment/qwen3_4b_capacity_control_r0_reward/sft_adapter
  steps         : 417/417
  elapsed hours : 0.81
  peak VRAM     : 10.88 GiB
[rank0]:[W817 11:29:36.666556691 ProcessGroupNCCL.cpp:1538] Warning: WARNING: destroy_process_group() was not called before program exit, which can leak resources. For more info, please see https://pytorch.org/docs/stable/distributed.html#shutdown (function operator())
