SFT_LENGTH_AUDIT_PASS max_total=1466 max_prompt=809 max_completion=835

Loading checkpoint shards:   0%|          | 0/2 [00:00<?, ?it/s]
Loading checkpoint shards:   0%|          | 0/2 [00:00<?, ?it/s]
Loading checkpoint shards:   0%|          | 0/2 [00:00<?, ?it/s]
Loading checkpoint shards:  50%|█████     | 1/2 [00:01<00:01,  1.23s/it]
Loading checkpoint shards:  50%|█████     | 1/2 [00:01<00:01,  1.23s/it]
Loading checkpoint shards: 100%|██████████| 2/2 [00:01<00:00,  1.59it/s]
Loading checkpoint shards: 100%|██████████| 2/2 [00:01<00:00,  1.39it/s]

Loading checkpoint shards: 100%|██████████| 2/2 [00:01<00:00,  1.60it/s]
Loading checkpoint shards: 100%|██████████| 2/2 [00:01<00:00,  1.40it/s]

Loading checkpoint shards:  50%|█████     | 1/2 [00:01<00:01,  1.27s/it][W810 03:59:38.189748500 Utils.hpp:137] Warning: Environment variable NCCL_ASYNC_ERROR_HANDLING is deprecated; use TORCH_NCCL_ASYNC_ERROR_HANDLING instead (function operator())
[W810 03:59:39.237609915 Utils.hpp:137] Warning: Environment variable NCCL_ASYNC_ERROR_HANDLING is deprecated; use TORCH_NCCL_ASYNC_ERROR_HANDLING instead (function operator())

Loading checkpoint shards: 100%|██████████| 2/2 [00:01<00:00,  1.57it/s]
Loading checkpoint shards: 100%|██████████| 2/2 [00:01<00:00,  1.36it/s]
[W810 03:59:39.526623252 Utils.hpp:137] Warning: Environment variable NCCL_ASYNC_ERROR_HANDLING is deprecated; use TORCH_NCCL_ASYNC_ERROR_HANDLING instead (function operator())
/opt/miniconda3/lib/python3.10/site-packages/torch/distributed/distributed_c10d.py:4807: UserWarning: No device id is provided via `init_process_group` or `barrier `. Using the current device set by the user. 
  warnings.warn(  # warn only once
[rank2]:[W810 03:59:41.068188425 ProcessGroupNCCL.cpp:5023] [PG ID 0 PG GUID 0 Rank 2]  using GPU 2 as device used by this process is currently unknown. This can potentially cause a hang if this rank to GPU mapping is incorrect. You can specify device_id in init_process_group() to force use of a particular device.
/opt/miniconda3/lib/python3.10/site-packages/torch/distributed/distributed_c10d.py:4807: UserWarning: No device id is provided via `init_process_group` or `barrier `. Using the current device set by the user. 
  warnings.warn(  # warn only once
[rank0]:[W810 03:59:41.159631279 ProcessGroupNCCL.cpp:5023] [PG ID 0 PG GUID 0 Rank 0]  using GPU 0 as device used by this process is currently unknown. This can potentially cause a hang if this rank to GPU mapping is incorrect. You can specify device_id in init_process_group() to force use of a particular device.
/opt/miniconda3/lib/python3.10/site-packages/torch/distributed/distributed_c10d.py:4807: UserWarning: No device id is provided via `init_process_group` or `barrier `. Using the current device set by the user. 
  warnings.warn(  # warn only once
[rank1]:[W810 03:59:42.219914997 ProcessGroupNCCL.cpp:5023] [PG ID 0 PG GUID 0 Rank 1]  using GPU 1 as device used by this process is currently unknown. This can potentially cause a hang if this rank to GPU mapping is incorrect. You can specify device_id in init_process_group() to force use of a particular device.
COMPLETION_ONLY_LOSS_PREFLIGHT_PASS masked=475 trained=439
==============================================================================
FRESH BINARY SFT-10K
  world size            : 3
  physical exposures    : 10,008
  unique source cases   : 10,000 (5,000 ALLOWED + 5,000 DISMISSED)
  per-device batch      : 2
  gradient accumulation : 4
  effective batch       : 24
  expected steps        : 417
  max length            : 1664
  learning rate         : 0.0001
  precision             : torch.bfloat16
  LoRA r / alpha        : 16 / 32
  trainable params      : 17,432,576/1,738,007,552 (1.00%)
==============================================================================
The tokenizer has new PAD/BOS/EOS tokens that differ from the model config and generation config. The model config and generation config were aligned accordingly, being updated with the tokenizer's values. Updated tokens: {'bos_token_id': None, 'pad_token_id': 151643}.
The tokenizer has new PAD/BOS/EOS tokens that differ from the model config and generation config. The model config and generation config were aligned accordingly, being updated with the tokenizer's values. Updated tokens: {'bos_token_id': None, 'pad_token_id': 151643}.
The tokenizer has new PAD/BOS/EOS tokens that differ from the model config and generation config. The model config and generation config were aligned accordingly, being updated with the tokenizer's values. Updated tokens: {'bos_token_id': None, 'pad_token_id': 151643}.
[rank2]:[W810 03:59:43.317030262 Utils.hpp:112] Warning: Environment variable NCCL_ASYNC_ERROR_HANDLING is deprecated; use TORCH_NCCL_ASYNC_ERROR_HANDLING instead (function operator())
[rank0]:[W810 03:59:43.317083703 Utils.hpp:112] Warning: Environment variable NCCL_ASYNC_ERROR_HANDLING is deprecated; use TORCH_NCCL_ASYNC_ERROR_HANDLING instead (function operator())
[rank1]:[W810 03:59:43.321054359 Utils.hpp:112] Warning: Environment variable NCCL_ASYNC_ERROR_HANDLING is deprecated; use TORCH_NCCL_ASYNC_ERROR_HANDLING instead (function operator())

  0%|          | 0/417 [00:00<?, ?it/s]
  0%|          | 1/417 [00:04<29:11,  4.21s/it]
                                               
{'loss': 2.234, 'grad_norm': 5.963342666625977, 'learning_rate': 0.0, 'entropy': 0.7299113273620605, 'num_tokens': 25526.0, 'mean_token_accuracy': 0.7073354423046112, 'epoch': 0.0}

  0%|          | 1/417 [00:04<29:11,  4.21s/it]
  0%|          | 2/417 [00:07<26:59,  3.90s/it]
  1%|          | 3/417 [00:11<26:50,  3.89s/it]
  1%|          | 4/417 [00:15<26:49,  3.90s/it]
  1%|          | 5/417 [00:18<24:57,  3.63s/it]
                                               
{'loss': 2.2372, 'grad_norm': 6.126447677612305, 'learning_rate': 3.0769230769230774e-05, 'entropy': 0.7296906635165215, 'num_tokens': 124234.0, 'mean_token_accuracy': 0.7089755535125732, 'epoch': 0.01}

  1%|          | 5/417 [00:18<24:57,  3.63s/it]
  1%|▏         | 6/417 [00:22<25:03,  3.66s/it]
  2%|▏         | 7/417 [00:26<25:05,  3.67s/it]
  2%|▏         | 8/417 [00:29<24:59,  3.67s/it]
  2%|▏         | 9/417 [00:33<24:55,  3.67s/it]
  2%|▏         | 10/417 [00:37<24:48,  3.66s/it]
                                                
{'loss': 1.7478, 'grad_norm': 1.498478889465332, 'learning_rate': 6.923076923076924e-05, 'entropy': 0.851992467045784, 'num_tokens': 248269.0, 'mean_token_accuracy': 0.7158296585083008, 'epoch': 0.02}

  2%|▏         | 10/417 [00:37<24:48,  3.66s/it]
  3%|▎         | 11/417 [00:40<24:17,  3.59s/it]
  3%|▎         | 12/417 [00:44<25:09,  3.73s/it]
  3%|▎         | 13/417 [00:48<24:23,  3.62s/it]
  3%|▎         | 14/417 [00:51<23:53,  3.56s/it]
  4%|▎         | 15/417 [00:55<23:49,  3.56s/it]
                                                
{'loss': 1.3391, 'grad_norm': 0.44187894463539124, 'learning_rate': 9.999848826789853e-05, 'entropy': 1.2124405205249786, 'num_tokens': 370785.0, 'mean_token_accuracy': 0.7279231011867523, 'epoch': 0.04}

  4%|▎         | 15/417 [00:55<23:49,  3.56s/it]
  4%|▍         | 16/417 [00:58<24:00,  3.59s/it]
  4%|▍         | 17/417 [01:01<23:14,  3.49s/it]
  4%|▍         | 18/417 [01:05<23:39,  3.56s/it]
  5%|▍         | 19/417 [01:09<24:04,  3.63s/it]
  5%|▍         | 20/417 [01:13<24:24,  3.69s/it]
                                                
{'loss': 1.2681, 'grad_norm': 0.3982379138469696, 'learning_rate': 9.994558724213054e-05, 'entropy': 1.635766440629959, 'num_tokens': 495330.0, 'mean_token_accuracy': 0.7271119713783264, 'epoch': 0.05}

  5%|▍         | 20/417 [01:13<24:24,  3.69s/it]
  5%|▌         | 21/417 [01:16<24:10,  3.66s/it]
  5%|▌         | 22/417 [01:20<24:08,  3.67s/it]
  6%|▌         | 23/417 [01:24<24:13,  3.69s/it]
  6%|▌         | 24/417 [01:27<24:07,  3.68s/it]
  6%|▌         | 25/417 [01:31<23:19,  3.57s/it]
                                                
{'loss': 1.2323, 'grad_norm': 0.34734636545181274, 'learning_rate': 9.981719099980299e-05, 'entropy': 1.7766454875469209, 'num_tokens': 619313.0, 'mean_token_accuracy': 0.7297597050666809, 'epoch': 0.06}

  6%|▌         | 25/417 [01:31<23:19,  3.57s/it]
  6%|▌         | 26/417 [01:34<23:18,  3.58s/it]
  6%|▋         | 27/417 [01:38<24:08,  3.72s/it]
  7%|▋         | 28/417 [01:42<24:28,  3.77s/it]
  7%|▋         | 29/417 [01:46<24:23,  3.77s/it]
  7%|▋         | 30/417 [01:50<24:12,  3.75s/it]
                                                
{'loss': 1.1423, 'grad_norm': 0.2518866956233978, 'learning_rate': 9.961349361816384e-05, 'entropy': 1.59591144323349, 'num_tokens': 743886.0, 'mean_token_accuracy': 0.7422925978899002, 'epoch': 0.07}

  7%|▋         | 30/417 [01:50<24:12,  3.75s/it]
  7%|▋         | 31/417 [01:54<24:35,  3.82s/it]
  8%|▊         | 32/417 [01:58<24:58,  3.89s/it]
  8%|▊         | 33/417 [02:01<23:38,  3.69s/it]
  8%|▊         | 34/417 [02:05<23:22,  3.66s/it]
  8%|▊         | 35/417 [02:08<23:24,  3.68s/it]
                                                
{'loss': 1.1193, 'grad_norm': 0.23295381665229797, 'learning_rate': 9.933480299584413e-05, 'entropy': 1.45714613199234, 'num_tokens': 868044.0, 'mean_token_accuracy': 0.7461578607559204, 'epoch': 0.08}

  8%|▊         | 35/417 [02:08<23:24,  3.68s/it]
  9%|▊         | 36/417 [02:12<23:42,  3.73s/it]
  9%|▉         | 37/417 [02:16<23:39,  3.74s/it]
  9%|▉         | 38/417 [02:20<23:16,  3.69s/it]
  9%|▉         | 39/417 [02:23<22:54,  3.64s/it]
 10%|▉         | 40/417 [02:27<23:08,  3.68s/it]
                                                
{'loss': 1.0994, 'grad_norm': 0.2406262308359146, 'learning_rate': 9.898154038745408e-05, 'entropy': 1.424356174468994, 'num_tokens': 992656.0, 'mean_token_accuracy': 0.7458927005529403, 'epoch': 0.1}

 10%|▉         | 40/417 [02:27<23:08,  3.68s/it]
 10%|▉         | 41/417 [02:30<22:55,  3.66s/it]
 10%|█         | 42/417 [02:34<22:41,  3.63s/it]
 10%|█         | 43/417 [02:38<23:45,  3.81s/it]
 11%|█         | 44/417 [02:42<23:39,  3.81s/it]
 11%|█         | 45/417 [02:46<24:31,  3.96s/it]
                                                
{'loss': 1.0963, 'grad_norm': 0.24170391261577606, 'learning_rate': 9.855423976683595e-05, 'entropy': 1.476038146018982, 'num_tokens': 1118633.0, 'mean_token_accuracy': 0.7478532284498215, 'epoch': 0.11}

 11%|█         | 45/417 [02:46<24:31,  3.96s/it]
 11%|█         | 46/417 [02:50<23:44,  3.84s/it]
 11%|█▏        | 47/417 [02:53<22:57,  3.72s/it]
 12%|█▏        | 48/417 [02:57<23:09,  3.76s/it]
 12%|█▏        | 49/417 [03:01<23:06,  3.77s/it]
 12%|█▏        | 50/417 [03:05<23:33,  3.85s/it]
                                                
{'loss': 1.0981, 'grad_norm': 0.22270789742469788, 'learning_rate': 9.805354701993623e-05, 'entropy': 1.482064539194107, 'num_tokens': 1242817.0, 'mean_token_accuracy': 0.7457977920770645, 'epoch': 0.12}

 12%|█▏        | 50/417 [03:05<23:33,  3.85s/it]
 12%|█▏        | 51/417 [03:09<23:31,  3.86s/it]
 12%|█▏        | 52/417 [03:13<22:58,  3.78s/it]
 13%|█▎        | 53/417 [03:16<22:46,  3.75s/it]
 13%|█▎        | 54/417 [03:21<23:46,  3.93s/it]
 13%|█▎        | 55/417 [03:24<23:43,  3.93s/it]
                                                
{'loss': 1.0868, 'grad_norm': 0.22370731830596924, 'learning_rate': 9.748021896851725e-05, 'entropy': 1.4707305192947389, 'num_tokens': 1368979.0, 'mean_token_accuracy': 0.749661973118782, 'epoch': 0.13}

 13%|█▎        | 55/417 [03:25<23:43,  3.93s/it]
 13%|█▎        | 56/417 [03:28<22:25,  3.73s/it]
 14%|█▎        | 57/417 [03:31<21:49,  3.64s/it]
 14%|█▍        | 58/417 [03:35<21:55,  3.66s/it]
 14%|█▍        | 59/417 [03:39<22:04,  3.70s/it]
 14%|█▍        | 60/417 [03:42<22:09,  3.73s/it]
                                                
{'loss': 1.0615, 'grad_norm': 0.2447216659784317, 'learning_rate': 9.683512222618377e-05, 'entropy': 1.4453593730926513, 'num_tokens': 1491862.0, 'mean_token_accuracy': 0.7530234605073929, 'epoch': 0.14}

 14%|█▍        | 60/417 [03:42<22:09,  3.73s/it]
 15%|█▍        | 61/417 [03:46<22:17,  3.76s/it]
 15%|█▍        | 62/417 [03:50<22:08,  3.74s/it]
 15%|█▌        | 63/417 [03:54<22:14,  3.77s/it]
 15%|█▌        | 64/417 [03:58<23:05,  3.93s/it]
 16%|█▌        | 65/417 [04:02<22:23,  3.82s/it]
                                                
{'loss': 1.0696, 'grad_norm': 0.23531955480575562, 'learning_rate': 9.611923188845377e-05, 'entropy': 1.4505587697029114, 'num_tokens': 1617268.0, 'mean_token_accuracy': 0.7515221565961838, 'epoch': 0.16}

 16%|█▌        | 65/417 [04:02<22:23,  3.82s/it]
 16%|█▌        | 66/417 [04:05<21:42,  3.71s/it]
 16%|█▌        | 67/417 [04:09<22:00,  3.77s/it]
 16%|█▋        | 68/417 [04:13<22:32,  3.87s/it]
 17%|█▋        | 69/417 [04:17<22:36,  3.90s/it]
 17%|█▋        | 70/417 [04:21<22:53,  3.96s/it]
                                                
{'loss': 1.0528, 'grad_norm': 0.2473984658718109, 'learning_rate': 9.533363005885363e-05, 'entropy': 1.4455168545246124, 'num_tokens': 1742733.0, 'mean_token_accuracy': 0.7542088210582734, 'epoch': 0.17}

 17%|█▋        | 70/417 [04:21<22:53,  3.96s/it]
 17%|█▋        | 71/417 [04:25<23:02,  4.00s/it]
 17%|█▋        | 72/417 [04:29<22:45,  3.96s/it]
 18%|█▊        | 73/417 [04:33<21:49,  3.81s/it]
 18%|█▊        | 74/417 [04:36<21:22,  3.74s/it]
 18%|█▊        | 75/417 [04:40<21:31,  3.78s/it]
                                                
{'loss': 1.0471, 'grad_norm': 0.2457851767539978, 'learning_rate': 9.44795042132652e-05, 'entropy': 1.4287393689155579, 'num_tokens': 1867249.0, 'mean_token_accuracy': 0.7523556381464005, 'epoch': 0.18}

 18%|█▊        | 75/417 [04:40<21:31,  3.78s/it]
 18%|█▊        | 76/417 [04:44<20:56,  3.68s/it]
 18%|█▊        | 77/417 [04:47<20:50,  3.68s/it]
 19%|█▊        | 78/417 [04:51<21:14,  3.76s/it]
 19%|█▉        | 79/417 [04:55<21:42,  3.85s/it]
 19%|█▉        | 80/417 [04:59<21:51,  3.89s/it]
                                                
{'loss': 1.0349, 'grad_norm': 0.3704403042793274, 'learning_rate': 9.355814540499752e-05, 'entropy': 1.4535574078559876, 'num_tokens': 1991773.0, 'mean_token_accuracy': 0.7591522395610809, 'epoch': 0.19}

 19%|█▉        | 80/417 [04:59<21:51,  3.89s/it]
 19%|█▉        | 81/417 [05:03<22:09,  3.96s/it]
 20%|█▉        | 82/417 [05:07<22:25,  4.02s/it]
 20%|█▉        | 83/417 [05:11<21:40,  3.89s/it]
 20%|██        | 84/417 [05:15<21:34,  3.89s/it]
 20%|██        | 85/417 [05:19<21:46,  3.94s/it]
                                                
{'loss': 1.0207, 'grad_norm': 0.3633001744747162, 'learning_rate': 9.257094631329617e-05, 'entropy': 1.4194461762905122, 'num_tokens': 2117240.0, 'mean_token_accuracy': 0.757181066274643, 'epoch': 0.2}

 20%|██        | 85/417 [05:19<21:46,  3.94s/it]
 21%|██        | 86/417 [05:23<21:18,  3.86s/it]
 21%|██        | 87/417 [05:26<20:21,  3.70s/it]
 21%|██        | 88/417 [05:30<20:09,  3.68s/it]
 21%|██▏       | 89/417 [05:33<20:19,  3.72s/it]
 22%|██▏       | 90/417 [05:37<20:13,  3.71s/it]
                                                
{'loss': 0.9981, 'grad_norm': 0.3293009102344513, 'learning_rate': 9.151939913823988e-05, 'entropy': 1.4126734256744384, 'num_tokens': 2239851.0, 'mean_token_accuracy': 0.7623891264200211, 'epoch': 0.22}

 22%|██▏       | 90/417 [05:37<20:13,  3.71s/it]
 22%|██▏       | 91/417 [05:41<20:36,  3.79s/it]
 22%|██▏       | 92/417 [05:45<20:15,  3.74s/it]
 22%|██▏       | 93/417 [05:48<20:07,  3.73s/it]
 23%|██▎       | 94/417 [05:52<19:47,  3.68s/it]
 23%|██▎       | 95/417 [05:56<19:54,  3.71s/it]
                                                
{'loss': 1.0305, 'grad_norm': 0.27058085799217224, 'learning_rate': 9.040509334520662e-05, 'entropy': 1.4104313910007478, 'num_tokens': 2363828.0, 'mean_token_accuracy': 0.7579982578754425, 'epoch': 0.23}

 23%|██▎       | 95/417 [05:56<19:54,  3.71s/it]
 23%|██▎       | 96/417 [06:00<19:58,  3.73s/it]
 23%|██▎       | 97/417 [06:04<20:31,  3.85s/it]
 24%|██▎       | 98/417 [06:07<20:13,  3.81s/it]
 24%|██▎       | 99/417 [06:11<20:30,  3.87s/it]
 24%|██▍       | 100/417 [06:15<20:21,  3.85s/it]
                                                 
{'loss': 1.0061, 'grad_norm': 0.2790217101573944, 'learning_rate': 8.92297132623183e-05, 'entropy': 1.402856457233429, 'num_tokens': 2487879.0, 'mean_token_accuracy': 0.7607104241847992, 'epoch': 0.24}

 24%|██▍       | 100/417 [06:15<20:21,  3.85s/it]
 24%|██▍       | 101/417 [06:20<22:17,  4.23s/it]
 24%|██▍       | 102/417 [06:24<21:12,  4.04s/it]
 25%|██▍       | 103/417 [06:27<19:53,  3.80s/it]
 25%|██▍       | 104/417 [06:31<19:10,  3.68s/it]
 25%|██▌       | 105/417 [06:34<18:54,  3.63s/it]
                                                 
{'loss': 1.033, 'grad_norm': 0.30708467960357666, 'learning_rate': 8.79950355344959e-05, 'entropy': 1.4424776256084442, 'num_tokens': 2610296.0, 'mean_token_accuracy': 0.7547026485204696, 'epoch': 0.25}

 25%|██▌       | 105/417 [06:34<18:54,  3.63s/it]
 25%|██▌       | 106/417 [06:38<18:32,  3.58s/it]
 26%|██▌       | 107/417 [06:41<18:41,  3.62s/it]
 26%|██▌       | 108/417 [06:45<19:31,  3.79s/it]
 26%|██▌       | 109/417 [06:49<19:20,  3.77s/it]
 26%|██▋       | 110/417 [06:53<19:18,  3.77s/it]
                                                 
{'loss': 1.0238, 'grad_norm': 0.28824296593666077, 'learning_rate': 8.670292643797302e-05, 'entropy': 1.4367314755916596, 'num_tokens': 2735374.0, 'mean_token_accuracy': 0.7586485207080841, 'epoch': 0.26}

 26%|██▋       | 110/417 [06:53<19:18,  3.77s/it]
 27%|██▋       | 111/417 [06:57<19:18,  3.79s/it]
 27%|██▋       | 112/417 [07:01<19:07,  3.76s/it]
 27%|██▋       | 113/417 [07:04<19:10,  3.79s/it]
 27%|██▋       | 114/417 [07:08<19:16,  3.82s/it]
 28%|██▊       | 115/417 [07:13<20:02,  3.98s/it]
                                                 
{'loss': 1.0192, 'grad_norm': 0.2613886296749115, 'learning_rate': 8.535533905932738e-05, 'entropy': 1.4283662974834441, 'num_tokens': 2861170.0, 'mean_token_accuracy': 0.7606489449739456, 'epoch': 0.28}

 28%|██▊       | 115/417 [07:13<20:02,  3.98s/it]
 28%|██▊       | 116/417 [07:16<19:02,  3.80s/it]
 28%|██▊       | 117/417 [07:20<18:38,  3.73s/it]
 28%|██▊       | 118/417 [07:23<18:34,  3.73s/it]
 29%|██▊       | 119/417 [07:27<18:23,  3.70s/it]
 29%|██▉       | 120/417 [07:31<18:20,  3.70s/it]
                                                 
{'loss': 0.9862, 'grad_norm': 0.30035093426704407, 'learning_rate': 8.39543103432943e-05, 'entropy': 1.425310307741165, 'num_tokens': 2983928.0, 'mean_token_accuracy': 0.7661312252283097, 'epoch': 0.29}

 29%|██▉       | 120/417 [07:31<18:20,  3.70s/it]
 29%|██▉       | 121/417 [07:34<17:37,  3.57s/it]
 29%|██▉       | 122/417 [07:38<18:13,  3.71s/it]
 29%|██▉       | 123/417 [07:42<18:21,  3.75s/it]
 30%|██▉       | 124/417 [07:46<18:29,  3.79s/it]
 30%|██▉       | 125/417 [07:49<18:18,  3.76s/it]
                                                 
{'loss': 1.0179, 'grad_norm': 0.2762044668197632, 'learning_rate': 8.250195801382425e-05, 'entropy': 1.411890333890915, 'num_tokens': 3109663.0, 'mean_token_accuracy': 0.7577385604381561, 'epoch': 0.3}

 30%|██▉       | 125/417 [07:49<18:18,  3.76s/it]
 30%|███       | 126/417 [07:53<18:18,  3.78s/it]
 30%|███       | 127/417 [07:57<17:47,  3.68s/it]
 31%|███       | 128/417 [08:01<18:17,  3.80s/it]
 31%|███       | 129/417 [08:05<18:37,  3.88s/it]
 31%|███       | 130/417 [08:08<18:16,  3.82s/it]
                                                 
{'loss': 1.003, 'grad_norm': 0.27290457487106323, 'learning_rate': 8.100047737303877e-05, 'entropy': 1.4128096461296082, 'num_tokens': 3235918.0, 'mean_token_accuracy': 0.7615616828203201, 'epoch': 0.31}

 31%|███       | 130/417 [08:08<18:16,  3.82s/it]
 31%|███▏      | 131/417 [08:12<18:34,  3.90s/it]
 32%|███▏      | 132/417 [08:16<18:24,  3.88s/it]
 32%|███▏      | 133/417 [08:20<17:53,  3.78s/it]
 32%|███▏      | 134/417 [08:24<18:08,  3.85s/it]
 32%|███▏      | 135/417 [08:27<17:16,  3.68s/it]
                                                 
{'loss': 0.9781, 'grad_norm': 0.32422521710395813, 'learning_rate': 7.945213798292309e-05, 'entropy': 1.422370147705078, 'num_tokens': 3360355.0, 'mean_token_accuracy': 0.7663413465023041, 'epoch': 0.32}

 32%|███▏      | 135/417 [08:27<17:16,  3.68s/it]
 33%|███▎      | 136/417 [08:30<16:38,  3.55s/it]
 33%|███▎      | 137/417 [08:34<17:02,  3.65s/it]
 33%|███▎      | 138/417 [08:38<17:31,  3.77s/it]
 33%|███▎      | 139/417 [08:42<17:16,  3.73s/it]
 34%|███▎      | 140/417 [08:45<16:53,  3.66s/it]
                                                 
{'loss': 0.9819, 'grad_norm': 0.30355304479599, 'learning_rate': 7.785928023477142e-05, 'entropy': 1.3973064720630646, 'num_tokens': 3484058.0, 'mean_token_accuracy': 0.7656527519226074, 'epoch': 0.34}

 34%|███▎      | 140/417 [08:45<16:53,  3.66s/it]
 34%|███▍      | 141/417 [08:49<16:30,  3.59s/it]
 34%|███▍      | 142/417 [08:53<16:35,  3.62s/it]
 34%|███▍      | 143/417 [08:56<16:41,  3.65s/it]
 35%|███▍      | 144/417 [09:00<16:50,  3.70s/it]
 35%|███▍      | 145/417 [09:04<17:06,  3.78s/it]
                                                 
{'loss': 0.9947, 'grad_norm': 0.4000706076622009, 'learning_rate': 7.62243118115701e-05, 'entropy': 1.3891701638698577, 'num_tokens': 3606902.0, 'mean_token_accuracy': 0.7632311701774597, 'epoch': 0.35}

 35%|███▍      | 145/417 [09:04<17:06,  3.78s/it]
 35%|███▌      | 146/417 [09:08<16:37,  3.68s/it]
 35%|███▌      | 147/417 [09:11<16:46,  3.73s/it]
 35%|███▌      | 148/417 [09:15<16:59,  3.79s/it]
 36%|███▌      | 149/417 [09:19<16:41,  3.74s/it]
 36%|███▌      | 150/417 [09:23<16:45,  3.76s/it]
                                                 
{'loss': 1.0159, 'grad_norm': 0.3369905948638916, 'learning_rate': 7.454970404866611e-05, 'entropy': 1.4220066368579865, 'num_tokens': 3732045.0, 'mean_token_accuracy': 0.7591212749481201, 'epoch': 0.36}

 36%|███▌      | 150/417 [09:23<16:45,  3.76s/it]
 36%|███▌      | 151/417 [09:27<16:41,  3.77s/it]
 36%|███▋      | 152/417 [09:30<16:37,  3.76s/it]
 37%|███▋      | 153/417 [09:34<16:39,  3.79s/it]
 37%|███▋      | 154/417 [09:38<16:35,  3.78s/it]
 37%|███▋      | 155/417 [09:42<16:47,  3.85s/it]
                                                 
{'loss': 0.9966, 'grad_norm': 0.32689130306243896, 'learning_rate': 7.283798819822194e-05, 'entropy': 1.4101152062416076, 'num_tokens': 3858369.0, 'mean_token_accuracy': 0.7620263159275055, 'epoch': 0.37}

 37%|███▋      | 155/417 [09:42<16:47,  3.85s/it]
 37%|███▋      | 156/417 [09:45<16:16,  3.74s/it]
 38%|███▊      | 157/417 [09:49<16:10,  3.73s/it]
 38%|███▊      | 158/417 [09:53<16:19,  3.78s/it]
 38%|███▊      | 159/417 [09:57<16:38,  3.87s/it]
 38%|███▊      | 160/417 [10:01<16:55,  3.95s/it]
                                                 
{'loss': 0.972, 'grad_norm': 0.39503857493400574, 'learning_rate': 7.109175160310312e-05, 'entropy': 1.370568972826004, 'num_tokens': 3983910.0, 'mean_token_accuracy': 0.7653650104999542, 'epoch': 0.38}

 38%|███▊      | 160/417 [10:01<16:55,  3.95s/it]
 39%|███▊      | 161/417 [10:05<16:44,  3.92s/it]
 39%|███▉      | 162/417 [10:09<16:07,  3.79s/it]
 39%|███▉      | 163/417 [10:12<15:20,  3.62s/it]
 39%|███▉      | 164/417 [10:16<15:33,  3.69s/it]
 40%|███▉      | 165/417 [10:20<15:44,  3.75s/it]
                                                 
{'loss': 0.9951, 'grad_norm': 0.29293307662010193, 'learning_rate': 6.93136337859821e-05, 'entropy': 1.410910153388977, 'num_tokens': 4105977.0, 'mean_token_accuracy': 0.7627623021602631, 'epoch': 0.4}

 40%|███▉      | 165/417 [10:20<15:44,  3.75s/it]
 40%|███▉      | 166/417 [10:23<15:25,  3.69s/it]
 40%|████      | 167/417 [10:27<15:04,  3.62s/it]
 40%|████      | 168/417 [10:30<14:53,  3.59s/it]
 41%|████      | 169/417 [10:34<15:12,  3.68s/it]
 41%|████      | 170/417 [10:38<15:34,  3.79s/it]
                                                 
{'loss': 0.9907, 'grad_norm': 0.31736987829208374, 'learning_rate': 6.750632245956953e-05, 'entropy': 1.3965981245040893, 'num_tokens': 4228307.0, 'mean_token_accuracy': 0.7615088522434235, 'epoch': 0.41}

 41%|████      | 170/417 [10:38<15:34,  3.79s/it]
 41%|████      | 171/417 [10:42<15:15,  3.72s/it]
 41%|████      | 172/417 [10:46<15:42,  3.85s/it]
 41%|████▏     | 173/417 [10:49<15:13,  3.74s/it]
 42%|████▏     | 174/417 [10:53<15:01,  3.71s/it]
 42%|████▏     | 175/417 [10:57<15:04,  3.74s/it]
                                                 
{'loss': 0.9434, 'grad_norm': 0.3571845591068268, 'learning_rate': 6.567254946400411e-05, 'entropy': 1.3527823865413666, 'num_tokens': 4351789.0, 'mean_token_accuracy': 0.7703984767198563, 'epoch': 0.42}

 42%|████▏     | 175/417 [10:57<15:04,  3.74s/it]
 42%|████▏     | 176/417 [11:00<15:05,  3.76s/it]
 42%|████▏     | 177/417 [11:04<14:38,  3.66s/it]
 43%|████▎     | 178/417 [11:07<14:26,  3.62s/it]
 43%|████▎     | 179/417 [11:11<14:31,  3.66s/it]
 43%|████▎     | 180/417 [11:15<14:44,  3.73s/it]
                                                 
{'loss': 0.978, 'grad_norm': 0.31995445489883423, 'learning_rate': 6.381508663754153e-05, 'entropy': 1.3621240258216858, 'num_tokens': 4476043.0, 'mean_token_accuracy': 0.7645602613687515, 'epoch': 0.43}

 43%|████▎     | 180/417 [11:15<14:44,  3.73s/it]
 43%|████▎     | 181/417 [11:19<15:07,  3.84s/it]
 44%|████▎     | 182/417 [11:23<14:37,  3.73s/it]
 44%|████▍     | 183/417 [11:26<14:07,  3.62s/it]
 44%|████▍     | 184/417 [11:30<14:26,  3.72s/it]
 44%|████▍     | 185/417 [11:34<14:24,  3.73s/it]
                                                 
{'loss': 0.9635, 'grad_norm': 0.3147147595882416, 'learning_rate': 6.193674162678437e-05, 'entropy': 1.3676125824451446, 'num_tokens': 4599615.0, 'mean_token_accuracy': 0.7682935416698455, 'epoch': 0.44}

 44%|████▍     | 185/417 [11:34<14:24,  3.73s/it]
 45%|████▍     | 186/417 [11:37<13:46,  3.58s/it]
 45%|████▍     | 187/417 [11:41<13:55,  3.63s/it]
 45%|████▌     | 188/417 [11:45<14:20,  3.76s/it]
 45%|████▌     | 189/417 [11:48<14:07,  3.72s/it]
 46%|████▌     | 190/417 [11:52<13:52,  3.67s/it]
                                                 
{'loss': 0.9662, 'grad_norm': 0.42337659001350403, 'learning_rate': 6.004035364278593e-05, 'entropy': 1.3935977816581726, 'num_tokens': 4724405.0, 'mean_token_accuracy': 0.7689091801643372, 'epoch': 0.46}

 46%|████▌     | 190/417 [11:52<13:52,  3.67s/it]
 46%|████▌     | 191/417 [11:55<13:38,  3.62s/it]
 46%|████▌     | 192/417 [11:59<13:58,  3.73s/it]
 46%|████▋     | 193/417 [12:03<14:01,  3.76s/it]
 47%|████▋     | 194/417 [12:07<14:19,  3.86s/it]
 47%|████▋     | 195/417 [12:11<14:24,  3.89s/it]
                                                 
{'loss': 1.0028, 'grad_norm': 0.6515328884124756, 'learning_rate': 5.8128789169442756e-05, 'entropy': 1.375447052717209, 'num_tokens': 4848178.0, 'mean_token_accuracy': 0.7606083571910858, 'epoch': 0.47}

 47%|████▋     | 195/417 [12:11<14:24,  3.89s/it]
 47%|████▋     | 196/417 [12:15<14:02,  3.81s/it]
 47%|████▋     | 197/417 [12:19<13:51,  3.78s/it]
 47%|████▋     | 198/417 [12:22<13:56,  3.82s/it]
 48%|████▊     | 199/417 [12:26<13:50,  3.81s/it]
 48%|████▊     | 200/417 [12:30<13:37,  3.77s/it]
                                                 
{'loss': 0.9683, 'grad_norm': 0.39299526810646057, 'learning_rate': 5.620493763066297e-05, 'entropy': 1.3646128833293916, 'num_tokens': 4973535.0, 'mean_token_accuracy': 0.7673898220062256, 'epoch': 0.48}

 48%|████▊     | 200/417 [12:30<13:37,  3.77s/it]
 48%|████▊     | 201/417 [12:34<14:15,  3.96s/it]
 48%|████▊     | 202/417 [12:38<13:37,  3.80s/it]
 49%|████▊     | 203/417 [12:42<14:08,  3.96s/it]
 49%|████▉     | 204/417 [12:46<13:52,  3.91s/it]
 49%|████▉     | 205/417 [12:50<13:58,  3.95s/it]
                                                 
{'loss': 0.9843, 'grad_norm': 0.46219176054000854, 'learning_rate': 5.427170702285964e-05, 'entropy': 1.381183570623398, 'num_tokens': 5098483.0, 'mean_token_accuracy': 0.7651259511709213, 'epoch': 0.49}

 49%|████▉     | 205/417 [12:50<13:58,  3.95s/it]
 49%|████▉     | 206/417 [12:53<13:26,  3.82s/it]
 50%|████▉     | 207/417 [12:57<12:56,  3.70s/it]
 50%|████▉     | 208/417 [13:01<12:53,  3.70s/it]
 50%|█████     | 209/417 [13:04<12:47,  3.69s/it]
 50%|█████     | 210/417 [13:08<13:00,  3.77s/it]
                                                 
{'loss': 0.9975, 'grad_norm': 0.3955748379230499, 'learning_rate': 5.233201951937088e-05, 'entropy': 1.4007034838199615, 'num_tokens': 5222571.0, 'mean_token_accuracy': 0.7598377346992493, 'epoch': 0.5}

 50%|█████     | 210/417 [13:08<13:00,  3.77s/it]
 51%|█████     | 211/417 [13:12<13:08,  3.83s/it]
 51%|█████     | 212/417 [13:16<13:04,  3.83s/it]
 51%|█████     | 213/417 [13:20<13:02,  3.84s/it]
 51%|█████▏    | 214/417 [13:24<12:49,  3.79s/it]
 52%|█████▏    | 215/417 [13:27<12:31,  3.72s/it]
                                                 
{'loss': 1.0222, 'grad_norm': 0.34649857878685, 'learning_rate': 5.038880705345086e-05, 'entropy': 1.4039228141307831, 'num_tokens': 5348667.0, 'mean_token_accuracy': 0.7573999851942063, 'epoch': 0.52}

 52%|█████▏    | 215/417 [13:27<12:31,  3.72s/it]
 52%|█████▏    | 216/417 [13:31<12:17,  3.67s/it]
 52%|█████▏    | 217/417 [13:34<12:10,  3.65s/it]
 52%|█████▏    | 218/417 [13:39<13:04,  3.94s/it]
 53%|█████▎    | 219/417 [13:42<12:20,  3.74s/it]
 53%|█████▎    | 220/417 [13:46<12:36,  3.84s/it]
                                                 
{'loss': 0.9643, 'grad_norm': 0.3778470754623413, 'learning_rate': 4.844500688650816e-05, 'entropy': 1.364040768146515, 'num_tokens': 5474813.0, 'mean_token_accuracy': 0.7671117454767227, 'epoch': 0.53}

 53%|█████▎    | 220/417 [13:46<12:36,  3.84s/it]
 53%|█████▎    | 221/417 [13:50<12:54,  3.95s/it]
 53%|█████▎    | 222/417 [13:54<12:37,  3.88s/it]
 53%|█████▎    | 223/417 [13:58<12:33,  3.89s/it]
 54%|█████▎    | 224/417 [14:02<12:18,  3.83s/it]
 54%|█████▍    | 225/417 [14:06<12:26,  3.89s/it]
                                                 
{'loss': 0.9528, 'grad_norm': 0.3123878836631775, 'learning_rate': 4.650355716829043e-05, 'entropy': 1.374009370803833, 'num_tokens': 5599677.0, 'mean_token_accuracy': 0.770421153306961, 'epoch': 0.54}

 54%|█████▍    | 225/417 [14:06<12:26,  3.89s/it]
 54%|█████▍    | 226/417 [14:09<11:59,  3.77s/it]
 54%|█████▍    | 227/417 [14:13<11:58,  3.78s/it]
 55%|█████▍    | 228/417 [14:17<11:55,  3.79s/it]
 55%|█████▍    | 229/417 [14:21<12:12,  3.90s/it]
 55%|█████▌    | 230/417 [14:25<12:00,  3.85s/it]
                                                 
{'loss': 0.9965, 'grad_norm': 0.6323698163032532, 'learning_rate': 4.456739249572627e-05, 'entropy': 1.3972510635852813, 'num_tokens': 5725045.0, 'mean_token_accuracy': 0.7599125057458878, 'epoch': 0.55}

 55%|█████▌    | 230/417 [14:25<12:00,  3.85s/it]
 55%|█████▌    | 231/417 [14:29<12:16,  3.96s/it]
 56%|█████▌    | 232/417 [14:33<12:09,  3.94s/it]
 56%|█████▌    | 233/417 [14:36<11:35,  3.78s/it]
 56%|█████▌    | 234/417 [14:40<11:05,  3.64s/it]
 56%|█████▋    | 235/417 [14:44<11:30,  3.80s/it]
                                                 
{'loss': 0.971, 'grad_norm': 0.3532108962535858, 'learning_rate': 4.263943947713727e-05, 'entropy': 1.392407190799713, 'num_tokens': 5849621.0, 'mean_token_accuracy': 0.7653019845485687, 'epoch': 0.56}

 56%|█████▋    | 235/417 [14:44<11:30,  3.80s/it]
 57%|█████▋    | 236/417 [14:47<11:14,  3.73s/it]
 57%|█████▋    | 237/417 [14:51<11:08,  3.71s/it]
 57%|█████▋    | 238/417 [14:55<10:58,  3.68s/it]
 57%|█████▋    | 239/417 [14:58<10:57,  3.69s/it]
 58%|█████▊    | 240/417 [15:02<11:01,  3.74s/it]
                                                 
{'loss': 1.0003, 'grad_norm': 0.3348139226436615, 'learning_rate': 4.0722612308525335e-05, 'entropy': 1.3865607976913452, 'num_tokens': 5972603.0, 'mean_token_accuracy': 0.7598738580942154, 'epoch': 0.58}

 58%|█████▊    | 240/417 [15:02<11:01,  3.74s/it]
 58%|█████▊    | 241/417 [15:06<10:46,  3.67s/it]
 58%|█████▊    | 242/417 [15:10<10:53,  3.73s/it]
 58%|█████▊    | 243/417 [15:13<10:47,  3.72s/it]
 59%|█████▊    | 244/417 [15:17<10:53,  3.78s/it]
 59%|█████▉    | 245/417 [15:21<10:36,  3.70s/it]
                                                 
{'loss': 0.9765, 'grad_norm': 0.342045396566391, 'learning_rate': 3.8819808368621894e-05, 'entropy': 1.3868561267852784, 'num_tokens': 6097700.0, 'mean_token_accuracy': 0.7661109864711761, 'epoch': 0.59}

 59%|█████▉    | 245/417 [15:21<10:36,  3.70s/it]
 59%|█████▉    | 246/417 [15:24<10:24,  3.65s/it]
 59%|█████▉    | 247/417 [15:28<10:23,  3.67s/it]
 59%|█████▉    | 248/417 [15:32<10:29,  3.73s/it]
 60%|█████▉    | 249/417 [15:36<10:53,  3.89s/it]
 60%|█████▉    | 250/417 [15:40<10:32,  3.79s/it]
                                                 
{'loss': 0.9692, 'grad_norm': 0.3467341363430023, 'learning_rate': 3.693390383935698e-05, 'entropy': 1.3812105178833007, 'num_tokens': 6222796.0, 'mean_token_accuracy': 0.7690138310194016, 'epoch': 0.6}

 60%|█████▉    | 250/417 [15:40<10:32,  3.79s/it]
 60%|██████    | 251/417 [15:43<10:31,  3.81s/it]
 60%|██████    | 252/417 [15:47<10:35,  3.85s/it]
 61%|██████    | 253/417 [15:51<10:20,  3.78s/it]
 61%|██████    | 254/417 [15:55<10:05,  3.72s/it]
 61%|██████    | 255/417 [15:58<09:36,  3.56s/it]
                                                 
{'loss': 0.9729, 'grad_norm': 0.5148060321807861, 'learning_rate': 3.506774935836868e-05, 'entropy': 1.3730732202529907, 'num_tokens': 6346873.0, 'mean_token_accuracy': 0.765900656580925, 'epoch': 0.61}

 61%|██████    | 255/417 [15:58<09:36,  3.56s/it]
 61%|██████▏   | 256/417 [16:02<09:41,  3.61s/it]
 62%|██████▏   | 257/417 [16:05<09:47,  3.67s/it]
 62%|██████▏   | 258/417 [16:09<09:34,  3.61s/it]
 62%|██████▏   | 259/417 [16:13<09:54,  3.76s/it]
 62%|██████▏   | 260/417 [16:16<09:39,  3.69s/it]
                                                 
{'loss': 0.9608, 'grad_norm': 0.5421538352966309, 'learning_rate': 3.3224165710123756e-05, 'entropy': 1.3665133714675903, 'num_tokens': 6470457.0, 'mean_token_accuracy': 0.770343565940857, 'epoch': 0.62}

 62%|██████▏   | 260/417 [16:16<09:39,  3.69s/it]
 63%|██████▎   | 261/417 [16:20<09:39,  3.72s/it]
 63%|██████▎   | 262/417 [16:24<09:38,  3.73s/it]
 63%|██████▎   | 263/417 [16:28<09:29,  3.70s/it]
 63%|██████▎   | 264/417 [16:31<09:23,  3.68s/it]
 64%|██████▎   | 265/417 [16:35<09:23,  3.71s/it]
                                                 
{'loss': 0.9901, 'grad_norm': 0.562889575958252, 'learning_rate': 3.1405939562162937e-05, 'entropy': 1.3885181367397308, 'num_tokens': 6594671.0, 'mean_token_accuracy': 0.7635971337556839, 'epoch': 0.64}

 64%|██████▎   | 265/417 [16:35<09:23,  3.71s/it]
 64%|██████▍   | 266/417 [16:39<09:14,  3.67s/it]
 64%|██████▍   | 267/417 [16:42<09:15,  3.70s/it]
 64%|██████▍   | 268/417 [16:46<09:24,  3.79s/it]
 65%|██████▍   | 269/417 [16:50<09:13,  3.74s/it]
 65%|██████▍   | 270/417 [16:54<08:59,  3.67s/it]
                                                 
{'loss': 0.9811, 'grad_norm': 0.38132473826408386, 'learning_rate': 2.9615819252915565e-05, 'entropy': 1.3880248546600342, 'num_tokens': 6719942.0, 'mean_token_accuracy': 0.7649049669504165, 'epoch': 0.65}

 65%|██████▍   | 270/417 [16:54<08:59,  3.67s/it]
 65%|██████▍   | 271/417 [16:57<08:52,  3.65s/it]
 65%|██████▌   | 272/417 [17:01<09:02,  3.74s/it]
 65%|██████▌   | 273/417 [17:05<08:45,  3.65s/it]
 66%|██████▌   | 274/417 [17:08<08:35,  3.60s/it]
 66%|██████▌   | 275/417 [17:11<08:17,  3.50s/it]
                                                 
{'loss': 0.9865, 'grad_norm': 0.39854100346565247, 'learning_rate': 2.7856510637450668e-05, 'entropy': 1.3808606266975403, 'num_tokens': 6843458.0, 'mean_token_accuracy': 0.7649766504764557, 'epoch': 0.66}

 66%|██████▌   | 275/417 [17:11<08:17,  3.50s/it]
 66%|██████▌   | 276/417 [17:15<08:12,  3.49s/it]
 66%|██████▋   | 277/417 [17:18<08:11,  3.51s/it]
 67%|██████▋   | 278/417 [17:22<08:12,  3.54s/it]
 67%|██████▋   | 279/417 [17:26<08:24,  3.66s/it]
 67%|██████▋   | 280/417 [17:30<08:32,  3.74s/it]
                                                 
{'loss': 0.9621, 'grad_norm': 0.8520389199256897, 'learning_rate': 2.613067299744364e-05, 'entropy': 1.372358649969101, 'num_tokens': 6965692.0, 'mean_token_accuracy': 0.768761795759201, 'epoch': 0.67}

 67%|██████▋   | 280/417 [17:30<08:32,  3.74s/it]
 67%|██████▋   | 281/417 [17:33<08:22,  3.69s/it]
 68%|██████▊   | 282/417 [17:37<08:04,  3.59s/it]
 68%|██████▊   | 283/417 [17:40<08:05,  3.62s/it]
 68%|██████▊   | 284/417 [17:44<07:45,  3.50s/it]
 68%|██████▊   | 285/417 [17:47<07:56,  3.61s/it]
                                                 
{'loss': 0.9711, 'grad_norm': 0.3648212254047394, 'learning_rate': 2.444091502154095e-05, 'entropy': 1.3785001754760742, 'num_tokens': 7089747.0, 'mean_token_accuracy': 0.7688592702150345, 'epoch': 0.68}

 68%|██████▊   | 285/417 [17:48<07:56,  3.61s/it]
 69%|██████▊   | 286/417 [17:51<08:07,  3.72s/it]
 69%|██████▉   | 287/417 [17:55<08:05,  3.74s/it]
 69%|██████▉   | 288/417 [17:59<08:04,  3.75s/it]
 69%|██████▉   | 289/417 [18:03<08:02,  3.77s/it]
 70%|██████▉   | 290/417 [18:07<07:58,  3.77s/it]
                                                 
{'loss': 0.9738, 'grad_norm': 0.6498368978500366, 'learning_rate': 2.2789790862198628e-05, 'entropy': 1.3655349969863892, 'num_tokens': 7213053.0, 'mean_token_accuracy': 0.7660522699356079, 'epoch': 0.7}

 70%|██████▉   | 290/417 [18:07<07:58,  3.77s/it]
 70%|██████▉   | 291/417 [18:10<07:54,  3.76s/it]
 70%|███████   | 292/417 [18:15<08:07,  3.90s/it]
 70%|███████   | 293/417 [18:19<08:06,  3.92s/it]
 71%|███████   | 294/417 [18:22<07:49,  3.81s/it]
 71%|███████   | 295/417 [18:26<07:42,  3.79s/it]
                                                 
{'loss': 0.98, 'grad_norm': 0.583570122718811, 'learning_rate': 2.1179796274955073e-05, 'entropy': 1.3883975267410278, 'num_tokens': 7337165.0, 'mean_token_accuracy': 0.7636722296476364, 'epoch': 0.71}

 71%|███████   | 295/417 [18:26<07:42,  3.79s/it]
 71%|███████   | 296/417 [18:29<07:31,  3.73s/it]
 71%|███████   | 297/417 [18:33<07:27,  3.73s/it]
 71%|███████▏  | 298/417 [18:37<07:28,  3.77s/it]
 72%|███████▏  | 299/417 [18:41<07:17,  3.71s/it]
 72%|███████▏  | 300/417 [18:44<07:08,  3.66s/it]
                                                 
{'loss': 0.9847, 'grad_norm': 0.3793063461780548, 'learning_rate': 1.961336484597343e-05, 'entropy': 1.3928155541419982, 'num_tokens': 7461616.0, 'mean_token_accuracy': 0.7639973819255829, 'epoch': 0.72}

 72%|███████▏  | 300/417 [18:44<07:08,  3.66s/it]
 72%|███████▏  | 301/417 [18:48<07:18,  3.78s/it]
 72%|███████▏  | 302/417 [18:52<07:18,  3.81s/it]
 73%|███████▎  | 303/417 [18:56<07:06,  3.74s/it]
 73%|███████▎  | 304/417 [18:59<07:00,  3.72s/it]
 73%|███████▎  | 305/417 [19:03<06:57,  3.72s/it]
                                                 
{'loss': 0.9939, 'grad_norm': 0.4566041827201843, 'learning_rate': 1.8092864313556234e-05, 'entropy': 1.3814357280731202, 'num_tokens': 7585698.0, 'mean_token_accuracy': 0.7624923318624497, 'epoch': 0.73}

 73%|███████▎  | 305/417 [19:03<06:57,  3.72s/it]
 73%|███████▎  | 306/417 [19:07<06:45,  3.65s/it]
 74%|███████▎  | 307/417 [19:10<06:36,  3.60s/it]
 74%|███████▍  | 308/417 [19:14<06:42,  3.69s/it]
 74%|███████▍  | 309/417 [19:17<06:30,  3.62s/it]
 74%|███████▍  | 310/417 [19:21<06:33,  3.68s/it]
                                                 
{'loss': 0.9439, 'grad_norm': 0.4297659695148468, 'learning_rate': 1.662059298919232e-05, 'entropy': 1.3546107888221741, 'num_tokens': 7710739.0, 'mean_token_accuracy': 0.7711690664291382, 'epoch': 0.74}

 74%|███████▍  | 310/417 [19:21<06:33,  3.68s/it]
 75%|███████▍  | 311/417 [19:25<06:30,  3.69s/it]
 75%|███████▍  | 312/417 [19:29<06:25,  3.67s/it]
 75%|███████▌  | 313/417 [19:32<06:25,  3.70s/it]
 75%|███████▌  | 314/417 [19:36<06:33,  3.82s/it]
 76%|███████▌  | 315/417 [19:40<06:18,  3.71s/it]
                                                 
{'loss': 0.9651, 'grad_norm': 0.757016122341156, 'learning_rate': 1.5198776283545668e-05, 'entropy': 1.3722909331321715, 'num_tokens': 7833868.0, 'mean_token_accuracy': 0.7695655763149262, 'epoch': 0.76}

 76%|███████▌  | 315/417 [19:40<06:18,  3.71s/it]
 76%|███████▌  | 316/417 [19:43<06:10,  3.67s/it]
 76%|███████▌  | 317/417 [19:47<06:11,  3.72s/it]
 76%|███████▋  | 318/417 [19:51<06:09,  3.73s/it]
 76%|███████▋  | 319/417 [19:55<06:00,  3.68s/it]
 77%|███████▋  | 320/417 [19:59<06:09,  3.81s/it]
                                                 
{'loss': 0.9689, 'grad_norm': 0.4169767498970032, 'learning_rate': 1.3829563342637513e-05, 'entropy': 1.3674541473388673, 'num_tokens': 7957302.0, 'mean_token_accuracy': 0.7669380843639374, 'epoch': 0.77}

 77%|███████▋  | 320/417 [19:59<06:09,  3.81s/it]
 77%|███████▋  | 321/417 [20:02<06:04,  3.79s/it]
 77%|███████▋  | 322/417 [20:07<06:10,  3.90s/it]
 77%|███████▋  | 323/417 [20:10<06:01,  3.85s/it]
 78%|███████▊  | 324/417 [20:14<05:51,  3.78s/it]
 78%|███████▊  | 325/417 [20:17<05:35,  3.65s/it]
                                                 
{'loss': 0.9782, 'grad_norm': 0.45417317748069763, 'learning_rate': 1.251502379930629e-05, 'entropy': 1.3701213240623473, 'num_tokens': 8081459.0, 'mean_token_accuracy': 0.7655020475387573, 'epoch': 0.78}

 78%|███████▊  | 325/417 [20:17<05:35,  3.65s/it]
 78%|███████▊  | 326/417 [20:21<05:31,  3.64s/it]
 78%|███████▊  | 327/417 [20:25<05:26,  3.63s/it]
 79%|███████▊  | 328/417 [20:29<05:32,  3.74s/it]
 79%|███████▉  | 329/417 [20:32<05:23,  3.68s/it]
 79%|███████▉  | 330/417 [20:36<05:15,  3.62s/it]
                                                 
{'loss': 0.966, 'grad_norm': 0.39630234241485596, 'learning_rate': 1.125714464485551e-05, 'entropy': 1.3619631707668305, 'num_tokens': 8206213.0, 'mean_token_accuracy': 0.7668328940868377, 'epoch': 0.79}

 79%|███████▉  | 330/417 [20:36<05:15,  3.62s/it]
 79%|███████▉  | 331/417 [20:40<05:21,  3.74s/it]
 80%|███████▉  | 332/417 [20:43<05:16,  3.72s/it]
 80%|███████▉  | 333/417 [20:47<05:07,  3.66s/it]
 80%|████████  | 334/417 [20:50<05:02,  3.64s/it]
 80%|████████  | 335/417 [20:54<04:59,  3.66s/it]
                                                 
{'loss': 0.9575, 'grad_norm': 0.33411920070648193, 'learning_rate': 1.0057827225618555e-05, 'entropy': 1.3682407975196837, 'num_tokens': 8331625.0, 'mean_token_accuracy': 0.7682030349969864, 'epoch': 0.8}

 80%|████████  | 335/417 [20:54<04:59,  3.66s/it]
 81%|████████  | 336/417 [20:58<04:59,  3.69s/it]
 81%|████████  | 337/417 [21:02<05:00,  3.75s/it]
 81%|████████  | 338/417 [21:05<04:55,  3.74s/it]
 81%|████████▏ | 339/417 [21:09<04:55,  3.79s/it]
 82%|████████▏ | 340/417 [21:13<04:48,  3.75s/it]
                                                 
{'loss': 0.9213, 'grad_norm': 0.40843942761421204, 'learning_rate': 8.91888436897997e-06, 'entropy': 1.3370951175689698, 'num_tokens': 8457205.0, 'mean_token_accuracy': 0.7759588927030563, 'epoch': 0.82}

 82%|████████▏ | 340/417 [21:13<04:48,  3.75s/it]
 82%|████████▏ | 341/417 [21:17<04:42,  3.72s/it]
 82%|████████▏ | 342/417 [21:20<04:41,  3.76s/it]
 82%|████████▏ | 343/417 [21:24<04:33,  3.70s/it]
 82%|████████▏ | 344/417 [21:28<04:37,  3.80s/it]
 83%|████████▎ | 345/417 [21:32<04:34,  3.81s/it]
                                                 
{'loss': 0.9551, 'grad_norm': 0.40593093633651733, 'learning_rate': 7.842037643197492e-06, 'entropy': 1.353309404850006, 'num_tokens': 8581042.0, 'mean_token_accuracy': 0.7712617129087448, 'epoch': 0.83}

 83%|████████▎ | 345/417 [21:32<04:34,  3.81s/it]
 83%|████████▎ | 346/417 [21:36<04:27,  3.77s/it]
 83%|████████▎ | 347/417 [21:39<04:23,  3.76s/it]
 83%|████████▎ | 348/417 [21:43<04:10,  3.63s/it]
 84%|████████▎ | 349/417 [21:46<04:04,  3.60s/it]
 84%|████████▍ | 350/417 [21:50<03:59,  3.58s/it]
                                                 
{'loss': 0.9742, 'grad_norm': 0.35536301136016846, 'learning_rate': 6.828914755166827e-06, 'entropy': 1.3855390667915344, 'num_tokens': 8705444.0, 'mean_token_accuracy': 0.767792496085167, 'epoch': 0.84}

 84%|████████▍ | 350/417 [21:50<03:59,  3.58s/it]
 84%|████████▍ | 351/417 [21:53<03:48,  3.46s/it]
 84%|████████▍ | 352/417 [21:57<03:55,  3.62s/it]
 85%|████████▍ | 353/417 [22:00<03:51,  3.61s/it]
 85%|████████▍ | 354/417 [22:04<03:44,  3.56s/it]
 85%|████████▌ | 355/417 [22:08<03:46,  3.65s/it]
                                                 
{'loss': 0.9507, 'grad_norm': 0.5242596864700317, 'learning_rate': 5.881047090062475e-06, 'entropy': 1.36544149518013, 'num_tokens': 8830561.0, 'mean_token_accuracy': 0.7700853556394577, 'epoch': 0.85}

 85%|████████▌ | 355/417 [22:08<03:46,  3.65s/it]
 85%|████████▌ | 356/417 [22:12<03:45,  3.70s/it]
 86%|████████▌ | 357/417 [22:16<03:46,  3.77s/it]
 86%|████████▌ | 358/417 [22:19<03:41,  3.76s/it]
 86%|████████▌ | 359/417 [22:23<03:38,  3.76s/it]
 86%|████████▋ | 360/417 [22:27<03:31,  3.72s/it]
                                                 
{'loss': 0.9608, 'grad_norm': 0.3556022346019745, 'learning_rate': 4.999867396573499e-06, 'entropy': 1.3688556969165802, 'num_tokens': 8954985.0, 'mean_token_accuracy': 0.7681182503700257, 'epoch': 0.86}

 86%|████████▋ | 360/417 [22:27<03:31,  3.72s/it]
 87%|████████▋ | 361/417 [22:31<03:33,  3.81s/it]
 87%|████████▋ | 362/417 [22:34<03:24,  3.72s/it]
 87%|████████▋ | 363/417 [22:38<03:22,  3.75s/it]
 87%|████████▋ | 364/417 [22:41<03:09,  3.57s/it]
 88%|████████▊ | 365/417 [22:45<03:04,  3.55s/it]
                                                 
{'loss': 0.9671, 'grad_norm': 0.5692006349563599, 'learning_rate': 4.18670762123336e-06, 'entropy': 1.3648268103599548, 'num_tokens': 9077482.0, 'mean_token_accuracy': 0.7675438940525054, 'epoch': 0.88}

 88%|████████▊ | 365/417 [22:45<03:04,  3.55s/it]
 88%|████████▊ | 366/417 [22:48<03:02,  3.59s/it]
 88%|████████▊ | 367/417 [22:52<03:02,  3.66s/it]
 88%|████████▊ | 368/417 [22:56<03:01,  3.69s/it]
 88%|████████▊ | 369/417 [22:59<02:53,  3.60s/it]
 89%|████████▊ | 370/417 [23:03<02:51,  3.65s/it]
                                                 
{'loss': 0.972, 'grad_norm': 0.33839714527130127, 'learning_rate': 3.4427968951170288e-06, 'entropy': 1.363182270526886, 'num_tokens': 9201454.0, 'mean_token_accuracy': 0.7675815701484681, 'epoch': 0.89}

 89%|████████▊ | 370/417 [23:03<02:51,  3.65s/it]
 89%|████████▉ | 371/417 [23:06<02:44,  3.58s/it]
 89%|████████▉ | 372/417 [23:10<02:44,  3.66s/it]
 89%|████████▉ | 373/417 [23:14<02:41,  3.68s/it]
 90%|████████▉ | 374/417 [23:18<02:39,  3.71s/it]
 90%|████████▉ | 375/417 [23:21<02:34,  3.68s/it]
                                                 
{'loss': 0.9683, 'grad_norm': 0.7479535937309265, 'learning_rate': 2.7692596759487877e-06, 'entropy': 1.3607007026672364, 'num_tokens': 9328086.0, 'mean_token_accuracy': 0.7675847381353378, 'epoch': 0.9}

 90%|████████▉ | 375/417 [23:21<02:34,  3.68s/it]
 90%|█████████ | 376/417 [23:25<02:28,  3.63s/it]
 90%|█████████ | 377/417 [23:28<02:24,  3.61s/it]
 91%|█████████ | 378/417 [23:32<02:22,  3.66s/it]
 91%|█████████ | 379/417 [23:36<02:23,  3.77s/it]
 91%|█████████ | 380/417 [23:40<02:22,  3.86s/it]
                                                 
{'loss': 0.964, 'grad_norm': 0.4188145399093628, 'learning_rate': 2.1671140484290142e-06, 'entropy': 1.3648161470890046, 'num_tokens': 9454230.0, 'mean_token_accuracy': 0.7699190109968186, 'epoch': 0.91}

 91%|█████████ | 380/417 [23:40<02:22,  3.86s/it]
 91%|█████████▏| 381/417 [23:44<02:16,  3.79s/it]
 92%|█████████▏| 382/417 [23:48<02:10,  3.73s/it]
 92%|█████████▏| 383/417 [23:51<02:06,  3.73s/it]
 92%|█████████▏| 384/417 [23:55<02:03,  3.74s/it]
 92%|█████████▏| 385/417 [23:59<02:01,  3.81s/it]
                                                 
{'loss': 0.9742, 'grad_norm': 0.3474664092063904, 'learning_rate': 1.6372701853489436e-06, 'entropy': 1.3770286202430726, 'num_tokens': 9579804.0, 'mean_token_accuracy': 0.765941658616066, 'epoch': 0.92}

 92%|█████████▏| 385/417 [23:59<02:01,  3.81s/it]
 93%|█████████▎| 386/417 [24:02<01:52,  3.64s/it]
 93%|█████████▎| 387/417 [24:06<01:50,  3.69s/it]
 93%|█████████▎| 388/417 [24:10<01:48,  3.76s/it]
 93%|█████████▎| 389/417 [24:14<01:48,  3.86s/it]
 94%|█████████▎| 390/417 [24:18<01:43,  3.84s/it]
                                                 
{'loss': 0.9427, 'grad_norm': 0.3555603623390198, 'learning_rate': 1.18052897181965e-06, 'entropy': 1.3468770384788513, 'num_tokens': 9706010.0, 'mean_token_accuracy': 0.7725594073534012, 'epoch': 0.94}

 94%|█████████▎| 390/417 [24:18<01:43,  3.84s/it]
 94%|█████████▍| 391/417 [24:22<01:39,  3.82s/it]
 94%|█████████▍| 392/417 [24:26<01:36,  3.87s/it]
 94%|█████████▍| 393/417 [24:30<01:32,  3.87s/it]
 94%|█████████▍| 394/417 [24:33<01:28,  3.85s/it]
 95%|█████████▍| 395/417 [24:37<01:20,  3.65s/it]
                                                 
{'loss': 0.9583, 'grad_norm': 0.4365692436695099, 'learning_rate': 7.975807946947245e-07, 'entropy': 1.38027184009552, 'num_tokens': 9830452.0, 'mean_token_accuracy': 0.7705172657966614, 'epoch': 0.95}

 95%|█████████▍| 395/417 [24:37<01:20,  3.65s/it]
 95%|█████████▍| 396/417 [24:40<01:15,  3.60s/it]
 95%|█████████▌| 397/417 [24:44<01:12,  3.62s/it]
 95%|█████████▌| 398/417 [24:48<01:10,  3.70s/it]
 96%|█████████▌| 399/417 [24:51<01:04,  3.56s/it]
 96%|█████████▌| 400/417 [24:55<01:02,  3.70s/it]
                                                 
{'loss': 0.9512, 'grad_norm': 0.3514389395713806, 'learning_rate': 4.890044990165321e-07, 'entropy': 1.3542754113674165, 'num_tokens': 9955245.0, 'mean_token_accuracy': 0.7707547962665557, 'epoch': 0.96}

 96%|█████████▌| 400/417 [24:55<01:02,  3.70s/it]
 96%|█████████▌| 401/417 [24:59<01:02,  3.90s/it]
 96%|█████████▋| 402/417 [25:03<00:56,  3.76s/it]
 97%|█████████▋| 403/417 [25:06<00:50,  3.63s/it]
 97%|█████████▋| 404/417 [25:10<00:49,  3.80s/it]
 97%|█████████▋| 405/417 [25:14<00:45,  3.79s/it]
                                                 
{'loss': 0.9676, 'grad_norm': 0.39199990034103394, 'learning_rate': 2.552665130633958e-07, 'entropy': 1.3641274333000184, 'num_tokens': 10080869.0, 'mean_token_accuracy': 0.7692505657672882, 'epoch': 0.97}

 97%|█████████▋| 405/417 [25:14<00:45,  3.79s/it]
 97%|█████████▋| 406/417 [25:18<00:41,  3.80s/it]
 98%|█████████▊| 407/417 [25:21<00:37,  3.72s/it]
 98%|█████████▊| 408/417 [25:25<00:34,  3.78s/it]
 98%|█████████▊| 409/417 [25:29<00:30,  3.83s/it]
 98%|█████████▊| 410/417 [25:33<00:26,  3.73s/it]
                                                 
{'loss': 0.9165, 'grad_norm': 0.33176860213279724, 'learning_rate': 9.672014332028356e-08, 'entropy': 1.3380647838115691, 'num_tokens': 10205061.0, 'mean_token_accuracy': 0.7783244967460632, 'epoch': 0.98}

 98%|█████████▊| 410/417 [25:33<00:26,  3.73s/it]
 99%|█████████▊| 411/417 [25:36<00:21,  3.60s/it]
 99%|█████████▉| 412/417 [25:39<00:17,  3.59s/it]
 99%|█████████▉| 413/417 [25:43<00:14,  3.68s/it]
 99%|█████████▉| 414/417 [25:47<00:11,  3.80s/it]
100%|█████████▉| 415/417 [25:51<00:07,  3.72s/it]
                                                 
{'loss': 0.9144, 'grad_norm': 0.42141905426979065, 'learning_rate': 1.3605040438618988e-08, 'entropy': 1.3331235349178314, 'num_tokens': 10328836.0, 'mean_token_accuracy': 0.7797971487045288, 'epoch': 1.0}

100%|█████████▉| 415/417 [25:51<00:07,  3.72s/it]
100%|█████████▉| 416/417 [25:55<00:03,  3.76s/it]
100%|██████████| 417/417 [25:59<00:00,  3.81s/it]
                                                 
{'train_runtime': 1560.2591, 'train_samples_per_second': 6.414, 'train_steps_per_second': 0.267, 'train_loss': 1.0266395552838734, 'entropy': 1.3585935682058334, 'num_tokens': 10379429.0, 'mean_token_accuracy': 0.7697947695851326, 'epoch': 1.0}

100%|██████████| 417/417 [26:00<00:00,  3.81s/it]
100%|██████████| 417/417 [26:00<00:00,  3.74s/it]
/opt/miniconda3/lib/python3.10/site-packages/torch/distributed/distributed_c10d.py:4807: UserWarning: No device id is provided via `init_process_group` or `barrier `. Using the current device set by the user. 
  warnings.warn(  # warn only once
FRESH_BINARY_SFT_COMPLETE
  adapter       : /root/firac_fresh_binary_sft_grpo_v1/sft_adapter
  steps         : 417/417
  elapsed hours : 0.43
  peak VRAM     : 19.29 GiB
[rank0]:[W810 04:26:04.763278627 ProcessGroupNCCL.cpp:1538] Warning: WARNING: destroy_process_group() was not called before program exit, which can leak resources. For more info, please see https://pytorch.org/docs/stable/distributed.html#shutdown (function operator())
